Indexing opening suite...
Started game 1 of 8000 (new vs base)
Started game 2 of 8000 (base vs new)
Started game 3 of 8000 (new vs base)
Finished game 3 (new vs base): 1-0 {White mates}
Started game 4 of 8000 (base vs new)
Finished game 2 (base vs new): 1/2-1/2 {Draw by 3-fold repetition}
Started game 5 of 8000 (new vs base)
Finished game 1 (new vs base): 1-0 {White mates}
Started game 6 of 8000 (base vs new)
Finished game 4 (base vs new): 1/2-1/2 {Draw by 3-fold repetition}
Started game 7 of 8000 (new vs base)
Finished game 5 (new vs base): 1/2-1/2 {Draw by fifty moves rule}
Started game 8 of 8000 (base vs new)
Finished game 6 (base vs new): 1/2-1/2 {Draw by 3-fold repetition}
Started game 9 of 8000 (new vs base)
Finished game 7 (new vs base): 1/2-1/2 {Draw by 3-fold repetition}
Started game 10 of 8000 (base vs new)
Finished game 9 (new vs base): 1-0 {White mates}
Started game 11 of 8000 (new vs base)
Finished game 8 (base vs new): 1/2-1/2 {Draw by fifty moves rule}
Started game 12 of 8000 (base vs new)
Finished game 10 (base vs new): 1/2-1/2 {Draw by 3-fold repetition}
Started game 13 of 8000 (new vs base)
Finished game 11 (new vs base): 1/2-1/2 {Draw by 3-fold repetition}
Started game 14 of 8000 (base vs new)
Finished game 12 (base vs new): 0-1 {Black mates}
Started game 15 of 8000 (new vs base)
Finished game 13 (new vs base): 1/2-1/2 {Draw by 3-fold repetition}
Started game 16 of 8000 (base vs new)
Finished game 14 (base vs new): 1/2-1/2 {Draw by 3-fold repetition}
Started game 17 of 8000 (new vs base)
Finished game 15 (new vs base): 1-0 {White mates}
Started game 18 of 8000 (base vs new)
Finished game 17 (new vs base): 1/2-1/2 {Draw by 3-fold repetition}
Started game 19 of 8000 (new vs base)
Finished game 16 (base vs new): 1/2-1/2 {Draw by insufficient mating material}
Started game 20 of 8000 (base vs new)
Finished game 18 (base vs new): 1-0 {White mates}
Started game 21 of 8000 (new vs base)
Finished game 19 (new vs base): 1-0 {White mates}
Started game 22 of 8000 (base vs new)
Finished game 20 (base vs new): 1-0 {White mates}
--------------------------------------------------
Results of new vs base (8+0.08, NULL, 16MB, UHO_Lichess_4852_v1.epd):
Elo: 70.44 +/- 75.72, nElo: 148.15 +/- 152.27
LOS: 97.17 %, DrawRatio: 40.00 %, PairsRatio: 5.00
Games: 20, Wins: 6, Losses: 2, Draws: 12, Points: 12.0 (60.00 %)
Ptnml(0-2): [0, 1, 4, 5, 0], WL/DD Ratio: 0.33
LLR: 0.09 (3.0%) (-2.94, 2.94) [0.00, 5.00]
--------------------------------------------------
Started game 23 of 8000 (new vs base)
Finished game 21 (new vs base): 1/2-1/2 {Draw by 3-fold repetition}
Started game 24 of 8000 (base vs new)
Finished game 23 (new vs base): 1/2-1/2 {Draw by 3-fold repetition}
Started game 25 of 8000 (new vs base)
Finished game 22 (base vs new): 0-1 {Black mates}
Started game 26 of 8000 (base vs new)
Finished game 24 (base vs new): 1-0 {White mates}
Started game 27 of 8000 (new vs base)
Finished game 25 (new vs base): 1/2-1/2 {Draw by 3-fold repetition}
Started game 28 of 8000 (base vs new)
Finished game 26 (base vs new): 1-0 {White mates}
Started game 29 of 8000 (new vs base)
Finished game 28 (base vs new): 1/2-1/2 {Draw by 3-fold repetition}
Started game 30 of 8000 (base vs new)
Finished game 27 (new vs base): 1/2-1/2 {Draw by insufficient mating material}
Started game 31 of 8000 (new vs base)
Finished game 29 (new vs base): 1/2-1/2 {Draw by 3-fold repetition}
Started game 32 of 8000 (base vs new)
Finished game 32 (base vs new): 1/2-1/2 {Draw by 3-fold repetition}
Started game 33 of 8000 (new vs base)
Finished game 31 (new vs base): 1-0 {White mates}
Started game 34 of 8000 (base vs new)
Finished game 30 (base vs new): 1-0 {White mates}
Started game 35 of 8000 (new vs base)
Finished game 33 (new vs base): 1/2-1/2 {Draw by 3-fold repetition}
Started game 36 of 8000 (base vs new)
Finished game 34 (base vs new): 0-1 {Black mates}
Started game 37 of 8000 (new vs base)
Finished game 36 (base vs new): 1-0 {White mates}
Started game 38 of 8000 (base vs new)
Finished game 35 (new vs base): 1/2-1/2 {Draw by 3-fold repetition}
Started game 39 of 8000 (new vs base)
Finished game 37 (new vs base): 1/2-1/2 {Draw by insufficient mating material}
Started game 40 of 8000 (base vs new)
Finished game 39 (new vs base): 1/2-1/2 {Draw by 3-fold repetition}
Started game 41 of 8000 (new vs base)
Finished game 38 (base vs new): 1/2-1/2 {Draw by fifty moves rule}
Started game 42 of 8000 (base vs new)
Finished game 40 (base vs new): 1/2-1/2 {Draw by 3-fold repetition}
--------------------------------------------------
Results of new vs base (8+0.08, NULL, 16MB, UHO_Lichess_4852_v1.epd):
Elo: 26.11 +/- 61.29, nElo: 46.52 +/- 107.67
LOS: 80.15 %, DrawRatio: 35.00 %, PairsRatio: 1.60
Games: 40, Wins: 9, Losses: 6, Draws: 25, Points: 21.5 (53.75 %)
Ptnml(0-2): [0, 5, 7, 8, 0], WL/DD Ratio: 0.17
LLR: 0.07 (2.4%) (-2.94, 2.94) [0.00, 5.00]
--------------------------------------------------
Started game 43 of 8000 (new vs base)
Finished game 43 (new vs base): 1/2-1/2 {Draw by 3-fold repetition}
Started game 44 of 8000 (base vs new)
Finished game 41 (new vs base): 1/2-1/2 {Draw by insufficient mating material}
Started game 45 of 8000 (new vs base)
Finished game 42 (base vs new): 1/2-1/2 {Draw by 3-fold repetition}
Started game 46 of 8000 (base vs new)
Finished game 45 (new vs base): 1/2-1/2 {Draw by 3-fold repetition}
Started game 47 of 8000 (new vs base)
Finished game 46 (base vs new): 1/2-1/2 {Draw by 3-fold repetition}
Started game 48 of 8000 (base vs new)
Finished game 44 (base vs new): 1/2-1/2 {Draw by insufficient mating material}
Started game 49 of 8000 (new vs base)
Finished game 47 (new vs base): 1/2-1/2 {Draw by 3-fold repetition}
Started game 50 of 8000 (base vs new)
Finished game 48 (base vs new): 1/2-1/2 {Draw by insufficient mating material}
Started game 51 of 8000 (new vs base)
Finished game 49 (new vs base): 1/2-1/2 {Draw by insufficient mating material}
Started game 52 of 8000 (base vs new)
Finished game 50 (base vs new): 1-0 {White mates}
Started game 53 of 8000 (new vs base)
Finished game 52 (base vs new): 1-0 {White mates}
Started game 54 of 8000 (base vs new)
Finished game 53 (new vs base): 0-1 {Black mates}
Started game 55 of 8000 (new vs base)
Finished game 51 (new vs base): 1/2-1/2 {Draw by fifty moves rule}
Started game 56 of 8000 (base vs new)
Finished game 54 (base vs new): 0-1 {Black mates}
Started game 57 of 8000 (new vs base)
Finished game 56 (base vs new): 1/2-1/2 {Draw by insufficient mating material}
Started game 58 of 8000 (base vs new)
Finished game 57 (new vs base): 1/2-1/2 {Draw by 3-fold repetition}
Started game 59 of 8000 (new vs base)
Finished game 55 (new vs base): 0-1 {Black mates}
Started game 60 of 8000 (base vs new)
Finished game 58 (base vs new): 1/2-1/2 {Draw by 3-fold repetition}
Started game 61 of 8000 (new vs base)
Finished game 59 (new vs base): 1-0 {White mates}
Started game 62 of 8000 (base vs new)
Finished game 60 (base vs new): 1-0 {White mates}
--------------------------------------------------
Results of new vs base (8+0.08, NULL, 16MB, UHO_Lichess_4852_v1.epd):
Elo: -0.00 +/- 45.66, nElo: 0.00 +/- 87.91
LOS: 50.00 %, DrawRatio: 46.67 %, PairsRatio: 1.00
Games: 60, Wins: 11, Losses: 11, Draws: 38, Points: 30.0 (50.00 %)
Ptnml(0-2): [0, 8, 14, 8, 0], WL/DD Ratio: 0.27
LLR: -0.01 (-0.2%) (-2.94, 2.94) [0.00, 5.00]
--------------------------------------------------
Started game 63 of 8000 (new vs base)
Finished game 61 (new vs base): 0-1 {Black mates}
Started game 64 of 8000 (base vs new)
Finished game 62 (base vs new): 0-1 {Black mates}
Started game 65 of 8000 (new vs base)
Finished game 63 (new vs base): 1-0 {White mates}
Started game 66 of 8000 (base vs new)
Finished game 64 (base vs new): 1/2-1/2 {Draw by fifty moves rule}
Started game 67 of 8000 (new vs base)
Finished game 66 (base vs new): 0-1 {Black mates}
Started game 68 of 8000 (base vs new)
Finished game 65 (new vs base): 1-0 {White mates}
Started game 69 of 8000 (new vs base)
Finished game 67 (new vs base): 1-0 {White mates}
Started game 70 of 8000 (base vs new)
Finished game 69 (new vs base): 1/2-1/2 {Draw by 3-fold repetition}
Started game 71 of 8000 (new vs base)
Finished game 70 (base vs new): 1/2-1/2 {Draw by 3-fold repetition}
Started game 72 of 8000 (base vs new)
Finished game 68 (base vs new): 0-1 {Black mates}
Started game 73 of 8000 (new vs base)
Finished game 71 (new vs base): 1/2-1/2 {Draw by 3-fold repetition}
Started game 74 of 8000 (base vs new)
Finished game 72 (base vs new): 1/2-1/2 {Draw by 3-fold repetition}
Started game 75 of 8000 (new vs base)
Finished game 73 (new vs base): 1/2-1/2 {Draw by 3-fold repetition}
Started game 76 of 8000 (base vs new)
Finished game 74 (base vs new): 0-1 {Black mates}
Started game 77 of 8000 (new vs base)
Finished game 76 (base vs new): 1/2-1/2 {Draw by 3-fold repetition}
Started game 78 of 8000 (base vs new)
Finished game 75 (new vs base): 1/2-1/2 {Draw by 3-fold repetition}
Started game 79 of 8000 (new vs base)
Finished game 77 (new vs base): 1/2-1/2 {Draw by 3-fold repetition}
Started game 80 of 8000 (base vs new)
Finished game 79 (new vs base): 1/2-1/2 {Draw by 3-fold repetition}
Started game 81 of 8000 (new vs base)
Finished game 78 (base vs new): 0-1 {Black mates}
Started game 82 of 8000 (base vs new)
Finished game 81 (new vs base): 1/2-1/2 {Draw by 3-fold repetition}
Started game 83 of 8000 (new vs base)
Finished game 80 (base vs new): 0-1 {Black mates}
--------------------------------------------------
Results of new vs base (8+0.08, NULL, 16MB, UHO_Lichess_4852_v1.epd):
Elo: 34.86 +/- 44.43, nElo: 60.48 +/- 76.13
LOS: 94.03 %, DrawRatio: 45.00 %, PairsRatio: 1.75
Games: 80, Wins: 20, Losses: 12, Draws: 48, Points: 44.0 (55.00 %)
Ptnml(0-2): [0, 8, 18, 12, 2], WL/DD Ratio: 0.29
LLR: 0.19 (6.6%) (-2.94, 2.94) [0.00, 5.00]
--------------------------------------------------
Started game 84 of 8000 (base vs new)
Finished game 84 (base vs new): 1/2-1/2 {Draw by 3-fold repetition}
Started game 85 of 8000 (new vs base)
Finished game 82 (base vs new): 0-1 {Black mates}
Started game 86 of 8000 (base vs new)
Finished game 83 (new vs base): 0-1 {Black mates}
Started game 87 of 8000 (new vs base)
Finished game 87 (new vs base): 1/2-1/2 {Draw by 3-fold repetition}
Started game 88 of 8000 (base vs new)
Finished game 85 (new vs base): 1-0 {White mates}
Started game 89 of 8000 (new vs base)
Finished game 86 (base vs new): 1-0 {White mates}
Started game 90 of 8000 (base vs new)
Finished game 88 (base vs new): 0-1 {Black mates}
Started game 91 of 8000 (new vs base)
Finished game 89 (new vs base): 1/2-1/2 {Draw by insufficient mating material}
Started game 92 of 8000 (base vs new)
Finished game 90 (base vs new): 1/2-1/2 {Draw by fifty moves rule}
Started game 93 of 8000 (new vs base)
Finished game 91 (new vs base): 1/2-1/2 {Draw by insufficient mating material}
Started game 94 of 8000 (base vs new)
Finished game 92 (base vs new): 1/2-1/2 {Draw by fifty moves rule}
Started game 95 of 8000 (new vs base)
Finished game 93 (new vs base): 1/2-1/2 {Draw by insufficient mating material}
Started game 96 of 8000 (base vs new)
Finished game 94 (base vs new): 1-0 {White mates}
Started game 97 of 8000 (new vs base)
Finished game 95 (new vs base): 1-0 {White mates}
Started game 98 of 8000 (base vs new)
Finished game 96 (base vs new): 1/2-1/2 {Draw by fifty moves rule}
Started game 99 of 8000 (new vs base)
Finished game 97 (new vs base): 1-0 {White mates}
Started game 100 of 8000 (base vs new)
Finished game 98 (base vs new): 1/2-1/2 {Draw by fifty moves rule}
Started game 101 of 8000 (new vs base)
Finished game 99 (new vs base): 1/2-1/2 {Draw by fifty moves rule}
Started game 102 of 8000 (base vs new)
Finished game 100 (base vs new): 1/2-1/2 {Draw by fifty moves rule}
--------------------------------------------------
Results of new vs base (8+0.08, NULL, 16MB, UHO_Lichess_4852_v1.epd):
Elo: 34.86 +/- 39.08, nElo: 61.42 +/- 68.10
LOS: 96.15 %, DrawRatio: 44.00 %, PairsRatio: 1.80
Games: 100, Wins: 25, Losses: 15, Draws: 60, Points: 55.0 (55.00 %)
Ptnml(0-2): [0, 10, 22, 16, 2], WL/DD Ratio: 0.29
LLR: 0.25 (8.3%) (-2.94, 2.94) [0.00, 5.00]
--------------------------------------------------
Started game 103 of 8000 (new vs base)
Finished game 101 (new vs base): 1/2-1/2 {Draw by 3-fold repetition}
Started game 104 of 8000 (base vs new)
Finished game 103 (new vs base): 1-0 {White mates}
Started game 105 of 8000 (new vs base)
Finished game 102 (base vs new): 0-1 {Black mates}
Started game 106 of 8000 (base vs new)
Finished game 104 (base vs new): 1/2-1/2 {Draw by 3-fold repetition}
Started game 107 of 8000 (new vs base)
Finished game 105 (new vs base): 1-0 {White mates}
Started game 108 of 8000 (base vs new)
Finished game 106 (base vs new): 1/2-1/2 {Draw by 3-fold repetition}
Started game 109 of 8000 (new vs base)
Finished game 107 (new vs base): 1-0 {White mates}
Started game 110 of 8000 (base vs new)
Finished game 108 (base vs new): 1-0 {White mates}
Started game 111 of 8000 (new vs base)
Finished game 110 (base vs new): 0-1 {Black mates}
Started game 112 of 8000 (base vs new)
Finished game 109 (new vs base): 0-1 {Black mates}
Started game 113 of 8000 (new vs base)
Finished game 111 (new vs base): 1-0 {White mates}
Started game 114 of 8000 (base vs new)
Finished game 112 (base vs new): 0-1 {Black mates}
Started game 115 of 8000 (new vs base)
Finished game 113 (new vs base): 1/2-1/2 {Draw by insufficient mating material}
Started game 116 of 8000 (base vs new)
Finished game 114 (base vs new): 0-1 {Black mates}
Started game 117 of 8000 (new vs base)
Finished game 116 (base vs new): 1-0 {White mates}
Started game 118 of 8000 (base vs new)
Finished game 115 (new vs base): 1-0 {White mates}
Started game 119 of 8000 (new vs base)
Finished game 118 (base vs new): 1/2-1/2 {Draw by 3-fold repetition}
Started game 120 of 8000 (base vs new)
Finished game 117 (new vs base): 1-0 {White mates}
Started game 121 of 8000 (new vs base)
Finished game 120 (base vs new): 1/2-1/2 {Draw by 3-fold repetition}
Started game 122 of 8000 (base vs new)
Finished game 119 (new vs base): 1-0 {White mates}
--------------------------------------------------
Results of new vs base (8+0.08, NULL, 16MB, UHO_Lichess_4852_v1.epd):
Elo: 52.51 +/- 36.21, nElo: 91.89 +/- 62.16
LOS: 99.81 %, DrawRatio: 41.67 %, PairsRatio: 2.50
Games: 120, Wins: 36, Losses: 18, Draws: 66, Points: 69.0 (57.50 %)
Ptnml(0-2): [0, 10, 25, 22, 3], WL/DD Ratio: 0.47
LLR: 0.44 (14.9%) (-2.94, 2.94) [0.00, 5.00]
--------------------------------------------------
Started game 123 of 8000 (new vs base)
Finished game 121 (new vs base): 0-1 {Black mates}
Started game 124 of 8000 (base vs new)
Finished game 122 (base vs new): 1/2-1/2 {Draw by 3-fold repetition}
Started game 125 of 8000 (new vs base)
Finished game 123 (new vs base): 0-1 {Black mates}
Started game 126 of 8000 (base vs new)
Finished game 124 (base vs new): 0-1 {Black mates}
Started game 127 of 8000 (new vs base)
Finished game 125 (new vs base): 1/2-1/2 {Draw by 3-fold repetition}
Started game 128 of 8000 (base vs new)
Finished game 126 (base vs new): 0-1 {Black mates}
Started game 129 of 8000 (new vs base)
Finished game 127 (new vs base): 1/2-1/2 {Draw by insufficient mating material}
Started game 130 of 8000 (base vs new)
Finished game 128 (base vs new): 0-1 {Black mates}
Started game 131 of 8000 (new vs base)
Finished game 129 (new vs base): 1-0 {White mates}
Started game 132 of 8000 (base vs new)
Finished game 130 (base vs new): 1/2-1/2 {Draw by 3-fold repetition}
Started game 133 of 8000 (new vs base)
Finished game 131 (new vs base): 1/2-1/2 {Draw by 3-fold repetition}
Started game 134 of 8000 (base vs new)
Finished game 133 (new vs base): 1-0 {White mates}
Started game 135 of 8000 (new vs base)
Finished game 132 (base vs new): 1/2-1/2 {Draw by fifty moves rule}
Started game 136 of 8000 (base vs new)
Finished game 136 (base vs new): 0-1 {Black mates}
Started game 137 of 8000 (new vs base)
Finished game 135 (new vs base): 0-1 {Black mates}
Started game 138 of 8000 (base vs new)
Finished game 134 (base vs new): 1/2-1/2 {Draw by fifty moves rule}
Started game 139 of 8000 (new vs base)
Finished game 138 (base vs new): 1/2-1/2 {Draw by 3-fold repetition}
Started game 140 of 8000 (base vs new)
Finished game 137 (new vs base): 1-0 {White mates}
Started game 141 of 8000 (new vs base)
Finished game 139 (new vs base): 1/2-1/2 {Draw by 3-fold repetition}
Started game 142 of 8000 (base vs new)
Finished game 140 (base vs new): 0-1 {Black mates}
--------------------------------------------------
Results of new vs base (8+0.08, NULL, 16MB, UHO_Lichess_4852_v1.epd):
Elo: 57.60 +/- 33.06, nElo: 102.47 +/- 57.55
LOS: 99.98 %, DrawRatio: 40.00 %, PairsRatio: 2.82
Games: 140, Wins: 44, Losses: 21, Draws: 75, Points: 81.5 (58.21 %)
Ptnml(0-2): [0, 11, 28, 28, 3], WL/DD Ratio: 0.56
LLR: 0.56 (19.0%) (-2.94, 2.94) [0.00, 5.00]
--------------------------------------------------
Started game 143 of 8000 (new vs base)
Finished game 141 (new vs base): 1/2-1/2 {Draw by 3-fold repetition}
Started game 144 of 8000 (base vs new)
Finished game 142 (base vs new): 0-1 {Black mates}
Started game 145 of 8000 (new vs base)
Finished game 143 (new vs base): 1/2-1/2 {Draw by 3-fold repetition}
Started game 146 of 8000 (base vs new)
Finished game 144 (base vs new): 1/2-1/2 {Draw by 3-fold repetition}
Started game 147 of 8000 (new vs base)
Finished game 145 (new vs base): 1/2-1/2 {Draw by 3-fold repetition}
Started game 148 of 8000 (base vs new)
Finished game 146 (base vs new): 1/2-1/2 {Draw by 3-fold repetition}
Started game 149 of 8000 (new vs base)
Finished game 147 (new vs base): 1/2-1/2 {Draw by 3-fold repetition}
Started game 150 of 8000 (base vs new)
Finished game 148 (base vs new): 0-1 {Black mates}
Started game 151 of 8000 (new vs base)
Finished game 149 (new vs base): 1/2-1/2 {Draw by 3-fold repetition}
Started game 152 of 8000 (base vs new)
Finished game 151 (new vs base): 1-0 {White mates}
Started game 153 of 8000 (new vs base)
Finished game 150 (base vs new): 0-1 {Black mates}
Started game 154 of 8000 (base vs new)
Finished game 152 (base vs new): 0-1 {Black mates}
Started game 155 of 8000 (new vs base)
Finished game 154 (base vs new): 0-1 {Black mates}
Started game 156 of 8000 (base vs new)
Finished game 153 (new vs base): 1/2-1/2 {Draw by 3-fold repetition}
Started game 157 of 8000 (new vs base)
Finished game 155 (new vs base): 1/2-1/2 {Draw by 3-fold repetition}
Started game 158 of 8000 (base vs new)
Finished game 156 (base vs new): 0-1 {Black mates}
Started game 159 of 8000 (new vs base)
Finished game 157 (new vs base): 1/2-1/2 {Draw by insufficient mating material}
Started game 160 of 8000 (base vs new)
Finished game 158 (base vs new): 0-1 {Black mates}
Started game 161 of 8000 (new vs base)
Finished game 159 (new vs base): 1-0 {White mates}
Started game 162 of 8000 (base vs new)
Finished game 160 (base vs new): 1-0 {White mates}
--------------------------------------------------
Results of new vs base (8+0.08, NULL, 16MB, UHO_Lichess_4852_v1.epd):
Elo: 68.18 +/- 31.04, nElo: 121.66 +/- 53.83
LOS: 100.00 %, DrawRatio: 38.75 %, PairsRatio: 3.45
Games: 160, Wins: 53, Losses: 22, Draws: 85, Points: 95.5 (59.69 %)
Ptnml(0-2): [0, 11, 31, 34, 4], WL/DD Ratio: 0.55
LLR: 0.70 (23.9%) (-2.94, 2.94) [0.00, 5.00]
--------------------------------------------------
Started game 163 of 8000 (new vs base)
Finished game 161 (new vs base): 1-0 {White mates}
Started game 164 of 8000 (base vs new)
Finished game 162 (base vs new): 1-0 {White mates}
Started game 165 of 8000 (new vs base)
Finished game 164 (base vs new): 1/2-1/2 {Draw by 3-fold repetition}
Started game 166 of 8000 (base vs new)
Finished game 163 (new vs base): 1-0 {White mates}
Started game 167 of 8000 (new vs base)
Finished game 165 (new vs base): 0-1 {Black mates}
Started game 168 of 8000 (base vs new)
Finished game 166 (base vs new): 1/2-1/2 {Draw by 3-fold repetition}
Started game 169 of 8000 (new vs base)
Finished game 168 (base vs new): 1/2-1/2 {Draw by 3-fold repetition}
Started game 170 of 8000 (base vs new)
Finished game 167 (new vs base): 1-0 {White mates}
Started game 171 of 8000 (new vs base)
Finished game 169 (new vs base): 1-0 {White mates}
Started game 172 of 8000 (base vs new)
Finished game 170 (base vs new): 1/2-1/2 {Draw by fifty moves rule}
Started game 173 of 8000 (new vs base)
Finished game 171 (new vs base): 0-1 {Black mates}
Started game 174 of 8000 (base vs new)
Finished game 172 (base vs new): 1/2-1/2 {Draw by insufficient mating material}
Started game 175 of 8000 (new vs base)
Finished game 174 (base vs new): 1/2-1/2 {Draw by 3-fold repetition}
Started game 176 of 8000 (base vs new)
Finished game 173 (new vs base): 1-0 {White mates}
Started game 177 of 8000 (new vs base)
Finished game 175 (new vs base): 1-0 {White mates}
Started game 178 of 8000 (base vs new)
Finished game 176 (base vs new): 1-0 {White mates}
Started game 179 of 8000 (new vs base)
Finished game 177 (new vs base): 1/2-1/2 {Draw by 3-fold repetition}
Started game 180 of 8000 (base vs new)
Finished game 178 (base vs new): 1/2-1/2 {Draw by 3-fold repetition}
Started game 181 of 8000 (new vs base)
Finished game 181 (new vs base): 1/2-1/2 {Draw by 3-fold repetition}
Started game 182 of 8000 (base vs new)
Finished game 179 (new vs base): 1-0 {White mates}
Started game 183 of 8000 (new vs base)
Finished game 180 (base vs new): 0-1 {Black mates}
--------------------------------------------------
Results of new vs base (8+0.08, NULL, 16MB, UHO_Lichess_4852_v1.epd):
Elo: 68.43 +/- 29.87, nElo: 119.64 +/- 50.76
LOS: 100.00 %, DrawRatio: 37.78 %, PairsRatio: 3.31
Games: 180, Wins: 61, Losses: 26, Draws: 93, Points: 107.5 (59.72 %)
Ptnml(0-2): [0, 13, 34, 38, 5], WL/DD Ratio: 0.62
LLR: 0.79 (26.9%) (-2.94, 2.94) [0.00, 5.00]
--------------------------------------------------
Started game 184 of 8000 (base vs new)
Finished game 182 (base vs new): 1/2-1/2 {Draw by 3-fold repetition}
Started game 185 of 8000 (new vs base)
Finished game 183 (new vs base): 1-0 {White mates}
Started game 186 of 8000 (base vs new)
Finished game 184 (base vs new): 1-0 {White mates}
Started game 187 of 8000 (new vs base)
Finished game 185 (new vs base): 1/2-1/2 {Draw by 3-fold repetition}
Started game 188 of 8000 (base vs new)
Finished game 186 (base vs new): 1-0 {White mates}
Started game 189 of 8000 (new vs base)
Finished game 188 (base vs new): 1-0 {White mates}
Started game 190 of 8000 (base vs new)
Finished game 187 (new vs base): 1/2-1/2 {Draw by 3-fold repetition}
Started game 191 of 8000 (new vs base)
Finished game 189 (new vs base): 1/2-1/2 {Draw by 3-fold repetition}
Started game 192 of 8000 (base vs new)
Finished game 191 (new vs base): 1-0 {White mates}
Started game 193 of 8000 (new vs base)
Finished game 190 (base vs new): 1-0 {White mates}
Started game 194 of 8000 (base vs new)
Finished game 192 (base vs new): 1-0 {White mates}
Started game 195 of 8000 (new vs base)
Finished game 193 (new vs base): 1-0 {White mates}
Started game 196 of 8000 (base vs new)
Finished game 194 (base vs new): 1/2-1/2 {Draw by 3-fold repetition}
Started game 197 of 8000 (new vs base)
Finished game 195 (new vs base): 1/2-1/2 {Draw by insufficient mating material}
Started game 198 of 8000 (base vs new)
Finished game 196 (base vs new): 1/2-1/2 {Draw by 3-fold repetition}
Started game 199 of 8000 (new vs base)
Finished game 197 (new vs base): 1-0 {White mates}
Started game 200 of 8000 (base vs new)
Finished game 198 (base vs new): 1-0 {White mates}
Started game 201 of 8000 (new vs base)
Finished game 199 (new vs base): 1/2-1/2 {Draw by insufficient mating material}
Started game 202 of 8000 (base vs new)
Finished game 200 (base vs new): 1-0 {White mates}
--------------------------------------------------
Results of new vs base (8+0.08, NULL, 16MB, UHO_Lichess_4852_v1.epd):
Elo: 56.07 +/- 28.40, nElo: 96.95 +/- 48.15
LOS: 100.00 %, DrawRatio: 39.00 %, PairsRatio: 2.59
Games: 200, Wins: 65, Losses: 33, Draws: 102, Points: 116.0 (58.00 %)
Ptnml(0-2): [0, 17, 39, 39, 5], WL/DD Ratio: 0.70
LLR: 0.76 (26.0%) (-2.94, 2.94) [0.00, 5.00]
--------------------------------------------------
Started game 203 of 8000 (new vs base)
Finished game 201 (new vs base): 1-0 {White mates}
Started game 204 of 8000 (base vs new)
Finished game 202 (base vs new): 1-0 {White mates}
Started game 205 of 8000 (new vs base)
Finished game 204 (base vs new): 1/2-1/2 {Draw by 3-fold repetition}
Started game 206 of 8000 (base vs new)
Finished game 203 (new vs base): 1/2-1/2 {Draw by fifty moves rule}
Started game 207 of 8000 (new vs base)
Finished game 205 (new vs base): 1/2-1/2 {Draw by 3-fold repetition}
Started game 208 of 8000 (base vs new)
Finished game 207 (new vs base): 0-1 {Black mates}
Started game 209 of 8000 (new vs base)
Finished game 206 (base vs new): 1/2-1/2 {Draw by fifty moves rule}
Started game 210 of 8000 (base vs new)
Finished game 208 (base vs new): 1/2-1/2 {Draw by 3-fold repetition}
Started game 211 of 8000 (new vs base)
Finished game 209 (new vs base): 1-0 {White mates}
Started game 212 of 8000 (base vs new)
Finished game 210 (base vs new): 0-1 {Black mates}
Started game 213 of 8000 (new vs base)
Finished game 211 (new vs base): 1/2-1/2 {Draw by 3-fold repetition}
Started game 214 of 8000 (base vs new)
Finished game 212 (base vs new): 1/2-1/2 {Draw by 3-fold repetition}
Started game 215 of 8000 (new vs base)
Finished game 213 (new vs base): 1/2-1/2 {Draw by 3-fold repetition}
Started game 216 of 8000 (base vs new)
Finished game 214 (base vs new): 1/2-1/2 {Draw by 3-fold repetition}
Started game 217 of 8000 (new vs base)
Finished game 216 (base vs new): 1/2-1/2 {Draw by 3-fold repetition}
Started game 218 of 8000 (base vs new)
Finished game 215 (new vs base): 1/2-1/2 {Draw by 3-fold repetition}
Started game 219 of 8000 (new vs base)
Finished game 219 (new vs base): 1/2-1/2 {Draw by 3-fold repetition}
Started game 220 of 8000 (base vs new)
Finished game 217 (new vs base): 0-1 {Black mates}
Started game 221 of 8000 (new vs base)
Finished game 218 (base vs new): 0-1 {Black mates}
Started game 222 of 8000 (base vs new)
Finished game 221 (new vs base): 1/2-1/2 {Draw by 3-fold repetition}
Started game 223 of 8000 (new vs base)
Finished game 220 (base vs new): 1-0 {White mates}
--------------------------------------------------
Results of new vs base (8+0.08, NULL, 16MB, UHO_Lichess_4852_v1.epd):
Elo: 50.90 +/- 27.02, nElo: 87.92 +/- 45.91
LOS: 99.99 %, DrawRatio: 41.82 %, PairsRatio: 2.37
Games: 220, Wins: 69, Losses: 37, Draws: 114, Points: 126.0 (57.27 %)
Ptnml(0-2): [0, 19, 46, 39, 6], WL/DD Ratio: 0.64
LLR: 0.77 (26.3%) (-2.94, 2.94) [0.00, 5.00]
--------------------------------------------------
Started game 224 of 8000 (base vs new)
Finished game 222 (base vs new): 0-1 {Black mates}
Started game 225 of 8000 (new vs base)
Finished game 223 (new vs base): 0-1 {Black mates}
Started game 226 of 8000 (base vs new)
Finished game 224 (base vs new): 1/2-1/2 {Draw by insufficient mating material}
Started game 227 of 8000 (new vs base)
Finished game 225 (new vs base): 1-0 {White mates}
Started game 228 of 8000 (base vs new)
Finished game 227 (new vs base): 1-0 {White mates}
Started game 229 of 8000 (new vs base)
Finished game 228 (base vs new): 1/2-1/2 {Draw by 3-fold repetition}
Started game 230 of 8000 (base vs new)
Finished game 226 (base vs new): 1/2-1/2 {Draw by fifty moves rule}
Started game 231 of 8000 (new vs base)
Finished game 229 (new vs base): 1-0 {White mates}
Started game 232 of 8000 (base vs new)
Finished game 230 (base vs new): 1-0 {White mates}
Started game 233 of 8000 (new vs base)
Finished game 231 (new vs base): 1/2-1/2 {Draw by insufficient mating material}
Started game 234 of 8000 (base vs new)
Finished game 232 (base vs new): 0-1 {Black mates}
Started game 235 of 8000 (new vs base)
Finished game 234 (base vs new): 1/2-1/2 {Draw by 3-fold repetition}
Started game 236 of 8000 (base vs new)
Finished game 233 (new vs base): 0-1 {Black mates}
Started game 237 of 8000 (new vs base)
Finished game 235 (new vs base): 1-0 {White mates}
Started game 238 of 8000 (base vs new)
Finished game 237 (new vs base): 1-0 {White mates}
Started game 239 of 8000 (new vs base)
Finished game 236 (base vs new): 0-1 {Black mates}
Started game 240 of 8000 (base vs new)
Finished game 238 (base vs new): 1-0 {White mates}
Started game 241 of 8000 (new vs base)
Finished game 239 (new vs base): 1-0 {White mates}
Started game 242 of 8000 (base vs new)
Finished game 240 (base vs new): 1-0 {White mates}
--------------------------------------------------
Results of new vs base (8+0.08, NULL, 16MB, UHO_Lichess_4852_v1.epd):
Elo: 52.51 +/- 26.21, nElo: 89.60 +/- 43.96
LOS: 100.00 %, DrawRatio: 40.83 %, PairsRatio: 2.38
Games: 240, Wins: 78, Losses: 42, Draws: 120, Points: 138.0 (57.50 %)
Ptnml(0-2): [0, 21, 49, 43, 7], WL/DD Ratio: 0.75
LLR: 0.86 (29.2%) (-2.94, 2.94) [0.00, 5.00]
--------------------------------------------------
Started game 243 of 8000 (new vs base)
Finished game 241 (new vs base): 1/2-1/2 {Draw by 3-fold repetition}
Started game 244 of 8000 (base vs new)
Finished game 243 (new vs base): 0-1 {Black mates}
Started game 245 of 8000 (new vs base)
Finished game 242 (base vs new): 0-1 {Black mates}
Started game 246 of 8000 (base vs new)
Finished game 244 (base vs new): 0-1 {Black mates}
Started game 247 of 8000 (new vs base)
Finished game 246 (base vs new): 1/2-1/2 {Draw by 3-fold repetition}
Started game 248 of 8000 (base vs new)
Finished game 247 (new vs base): 1/2-1/2 {Draw by insufficient mating material}
Started game 249 of 8000 (new vs base)
Finished game 245 (new vs base): 1-0 {White mates}
Started game 250 of 8000 (base vs new)
Finished game 248 (base vs new): 1/2-1/2 {Draw by fifty moves rule}
Started game 251 of 8000 (new vs base)
Finished game 250 (base vs new): 1/2-1/2 {Draw by 3-fold repetition}
Started game 252 of 8000 (base vs new)
Finished game 251 (new vs base): 1-0 {White mates}
Started game 253 of 8000 (new vs base)
Finished game 252 (base vs new): 1/2-1/2 {Draw by 3-fold repetition}
Started game 254 of 8000 (base vs new)
Finished game 249 (new vs base): 1-0 {White mates}
Started game 255 of 8000 (new vs base)
Finished game 253 (new vs base): 1/2-1/2 {Draw by 3-fold repetition}
Started game 256 of 8000 (base vs new)
Finished game 254 (base vs new): 1/2-1/2 {Draw by 3-fold repetition}
Started game 257 of 8000 (new vs base)
Finished game 255 (new vs base): 1/2-1/2 {Draw by 3-fold repetition}
Started game 258 of 8000 (base vs new)
Finished game 256 (base vs new): 1/2-1/2 {Draw by 3-fold repetition}
Started game 259 of 8000 (new vs base)
Finished game 258 (base vs new): 1/2-1/2 {Draw by 3-fold repetition}
Started game 260 of 8000 (base vs new)
Finished game 257 (new vs base): 1/2-1/2 {Draw by 3-fold repetition}
Started game 261 of 8000 (new vs base)
Finished game 259 (new vs base): 1-0 {White mates}
Started game 262 of 8000 (base vs new)
Finished game 260 (base vs new): 1-0 {White mates}
--------------------------------------------------
Results of new vs base (8+0.08, NULL, 16MB, UHO_Lichess_4852_v1.epd):
Elo: 53.88 +/- 24.58, nElo: 94.21 +/- 42.23
LOS: 100.00 %, DrawRatio: 42.31 %, PairsRatio: 2.57
Games: 260, Wins: 84, Losses: 44, Draws: 132, Points: 150.0 (57.69 %)
Ptnml(0-2): [0, 21, 55, 47, 7], WL/DD Ratio: 0.72
LLR: 0.98 (33.1%) (-2.94, 2.94) [0.00, 5.00]
--------------------------------------------------
Started game 263 of 8000 (new vs base)
Finished game 261 (new vs base): 1-0 {White mates}
Started game 264 of 8000 (base vs new)
Finished game 262 (base vs new): 1-0 {White mates}
Started game 265 of 8000 (new vs base)
Finished game 265 (new vs base): 1-0 {White mates}
Started game 266 of 8000 (base vs new)
Finished game 264 (base vs new): 1/2-1/2 {Draw by fifty moves rule}
Started game 267 of 8000 (new vs base)
Finished game 263 (new vs base): 0-1 {Black mates}
Started game 268 of 8000 (base vs new)
Finished game 266 (base vs new): 1/2-1/2 {Draw by 3-fold repetition}
Started game 269 of 8000 (new vs base)
Finished game 267 (new vs base): 1-0 {White mates}
Started game 270 of 8000 (base vs new)
Finished game 268 (base vs new): 1/2-1/2 {Draw by insufficient mating material}
Started game 271 of 8000 (new vs base)
Finished game 269 (new vs base): 1-0 {White mates}
Started game 272 of 8000 (base vs new)
Finished game 271 (new vs base): 1-0 {White mates}
Started game 273 of 8000 (new vs base)
Finished game 270 (base vs new): 1/2-1/2 {Draw by fifty moves rule}
Started game 274 of 8000 (base vs new)
Finished game 272 (base vs new): 1-0 {White mates}
Started game 275 of 8000 (new vs base)
Finished game 273 (new vs base): 0-1 {Black mates}
Started game 276 of 8000 (base vs new)
Finished game 275 (new vs base): 1/2-1/2 {Draw by 3-fold repetition}
Started game 277 of 8000 (new vs base)
Finished game 274 (base vs new): 0-1 {Black mates}
Started game 278 of 8000 (base vs new)
Finished game 276 (base vs new): 0-1 {Black mates}
Started game 279 of 8000 (new vs base)
Finished game 277 (new vs base): 1-0 {White mates}
Started game 280 of 8000 (base vs new)
Finished game 279 (new vs base): 1/2-1/2 {Draw by 3-fold repetition}
Started game 281 of 8000 (new vs base)
Finished game 278 (base vs new): 1/2-1/2 {Draw by 3-fold repetition}
Started game 282 of 8000 (base vs new)
Finished game 282 (base vs new): 1/2-1/2 {Draw by 3-fold repetition}
Started game 283 of 8000 (new vs base)
Finished game 280 (base vs new): 0-1 {Black mates}
--------------------------------------------------
Results of new vs base (8+0.08, NULL, 16MB, UHO_Lichess_4852_v1.epd):
Elo: 56.33 +/- 23.53, nElo: 99.30 +/- 40.70
LOS: 100.00 %, DrawRatio: 41.43 %, PairsRatio: 2.73
Games: 280, Wins: 93, Losses: 48, Draws: 139, Points: 162.5 (58.04 %)
Ptnml(0-2): [0, 22, 58, 53, 7], WL/DD Ratio: 0.81
LLR: 1.10 (37.3%) (-2.94, 2.94) [0.00, 5.00]
--------------------------------------------------
Started game 284 of 8000 (base vs new)
Finished game 281 (new vs base): 1-0 {White mates}
Started game 285 of 8000 (new vs base)
Finished game 283 (new vs base): 1/2-1/2 {Draw by insufficient mating material}
Started game 286 of 8000 (base vs new)
Finished game 284 (base vs new): 0-1 {Black mates}
Started game 287 of 8000 (new vs base)
Finished game 285 (new vs base): 0-1 {Black mates}
Started game 288 of 8000 (base vs new)
Finished game 287 (new vs base): 1/2-1/2 {Draw by 3-fold repetition}
Started game 289 of 8000 (new vs base)
Finished game 286 (base vs new): 1/2-1/2 {Draw by fifty moves rule}
Started game 290 of 8000 (base vs new)
Finished game 288 (base vs new): 1/2-1/2 {Draw by insufficient mating material}
Started game 291 of 8000 (new vs base)
Finished game 289 (new vs base): 1/2-1/2 {Draw by 3-fold repetition}
Started game 292 of 8000 (base vs new)
Finished game 290 (base vs new): 1/2-1/2 {Draw by insufficient mating material}
Started game 293 of 8000 (new vs base)
Finished game 292 (base vs new): 1/2-1/2 {Draw by 3-fold repetition}
Started game 294 of 8000 (base vs new)
Finished game 291 (new vs base): 1-0 {White mates}
Started game 295 of 8000 (new vs base)
Finished game 293 (new vs base): 1/2-1/2 {Draw by 3-fold repetition}
Started game 296 of 8000 (base vs new)
Finished game 295 (new vs base): 1/2-1/2 {Draw by 3-fold repetition}
Started game 297 of 8000 (new vs base)
Finished game 294 (base vs new): 1/2-1/2 {Draw by 3-fold repetition}
Started game 298 of 8000 (base vs new)
Finished game 296 (base vs new): 1/2-1/2 {Draw by 3-fold repetition}
Started game 299 of 8000 (new vs base)
Finished game 298 (base vs new): 1-0 {White mates}
Started game 300 of 8000 (base vs new)
Finished game 299 (new vs base): 1-0 {White mates}
Started game 301 of 8000 (new vs base)
Finished game 297 (new vs base): 1/2-1/2 {Draw by fifty moves rule}
Started game 302 of 8000 (base vs new)
Finished game 300 (base vs new): 1/2-1/2 {Draw by insufficient mating material}
--------------------------------------------------
Results of new vs base (8+0.08, NULL, 16MB, UHO_Lichess_4852_v1.epd):
Elo: 54.88 +/- 22.63, nElo: 97.10 +/- 39.32
LOS: 100.00 %, DrawRatio: 41.33 %, PairsRatio: 2.67
Games: 300, Wins: 97, Losses: 50, Draws: 153, Points: 173.5 (57.83 %)
Ptnml(0-2): [0, 24, 62, 57, 7], WL/DD Ratio: 0.72
LLR: 1.15 (39.0%) (-2.94, 2.94) [0.00, 5.00]
--------------------------------------------------
Started game 303 of 8000 (new vs base)
Finished game 302 (base vs new): 1/2-1/2 {Draw by 3-fold repetition}
Started game 304 of 8000 (base vs new)
Finished game 301 (new vs base): 1-0 {White mates}
Started game 305 of 8000 (new vs base)
Finished game 303 (new vs base): 1-0 {White mates}
Started game 306 of 8000 (base vs new)
Finished game 304 (base vs new): 1/2-1/2 {Draw by insufficient mating material}
Started game 307 of 8000 (new vs base)
Finished game 305 (new vs base): 1-0 {White mates}
Started game 308 of 8000 (base vs new)
Finished game 306 (base vs new): 1/2-1/2 {Draw by 3-fold repetition}
Started game 309 of 8000 (new vs base)
Finished game 307 (new vs base): 0-1 {Black mates}
Started game 310 of 8000 (base vs new)
Finished game 308 (base vs new): 0-1 {Black mates}
Started game 311 of 8000 (new vs base)
Finished game 309 (new vs base): 0-1 {Black mates}
Started game 312 of 8000 (base vs new)
Finished game 311 (new vs base): 1/2-1/2 {Draw by 3-fold repetition}
Started game 313 of 8000 (new vs base)
Finished game 310 (base vs new): 0-1 {Black mates}
Started game 314 of 8000 (base vs new)
Finished game 312 (base vs new): 0-1 {Black mates}
Started game 315 of 8000 (new vs base)
Finished game 313 (new vs base): 1-0 {White mates}
Started game 316 of 8000 (base vs new)
Finished game 314 (base vs new): 1/2-1/2 {Draw by insufficient mating material}
Started game 317 of 8000 (new vs base)
Finished game 316 (base vs new): 1/2-1/2 {Draw by 3-fold repetition}
Started game 318 of 8000 (base vs new)
Finished game 315 (new vs base): 1/2-1/2 {Draw by fifty moves rule}
Started game 319 of 8000 (new vs base)
Finished game 317 (new vs base): 0-1 {Black mates}
Started game 320 of 8000 (base vs new)
Finished game 319 (new vs base): 1-0 {White mates}
Started game 321 of 8000 (new vs base)
Finished game 320 (base vs new): 1/2-1/2 {Draw by fifty moves rule}
--------------------------------------------------
Results of new vs base (8+0.08, NULL, 16MB, UHO_Lichess_4852_v1.epd):
Elo: 58.45 +/- 21.76, nElo: 104.67 +/- 38.19
LOS: 100.00 %, DrawRatio: 40.88 %, PairsRatio: 2.92
Games: 318, Wins: 105, Losses: 52, Draws: 161, Points: 185.5 (58.33 %)
Ptnml(0-2): [0, 24, 65, 63, 7], WL/DD Ratio: 0.76
LLR: 1.29 (43.9%) (-2.94, 2.94) [0.00, 5.00]
--------------------------------------------------
Started game 322 of 8000 (base vs new)
Finished game 318 (base vs new): 1/2-1/2 {Draw by 3-fold repetition}
Started game 323 of 8000 (new vs base)
Finished game 321 (new vs base): 1-0 {White mates}
Started game 324 of 8000 (base vs new)
Finished game 323 (new vs base): 1/2-1/2 {Draw by 3-fold repetition}
Started game 325 of 8000 (new vs base)
Finished game 322 (base vs new): 1/2-1/2 {Draw by 3-fold repetition}
Started game 326 of 8000 (base vs new)
Finished game 324 (base vs new): 1/2-1/2 {Draw by 3-fold repetition}
Started game 327 of 8000 (new vs base)
Finished game 325 (new vs base): 1-0 {White mates}
Started game 328 of 8000 (base vs new)
Finished game 326 (base vs new): 1-0 {White mates}
Started game 329 of 8000 (new vs base)
Finished game 328 (base vs new): 0-1 {Black mates}
Started game 330 of 8000 (base vs new)
Finished game 327 (new vs base): 1-0 {White mates}
Started game 331 of 8000 (new vs base)
Finished game 329 (new vs base): 1/2-1/2 {Draw by 3-fold repetition}
Started game 332 of 8000 (base vs new)
Finished game 330 (base vs new): 0-1 {Black mates}
Started game 333 of 8000 (new vs base)
Finished game 332 (base vs new): 1/2-1/2 {Draw by 3-fold repetition}
Started game 334 of 8000 (base vs new)
Finished game 331 (new vs base): 1/2-1/2 {Draw by 3-fold repetition}
Started game 335 of 8000 (new vs base)
Finished game 333 (new vs base): 1-0 {White mates}
Started game 336 of 8000 (base vs new)
Finished game 334 (base vs new): 0-1 {Black mates}
Started game 337 of 8000 (new vs base)
Finished game 335 (new vs base): 1-0 {White mates}
Started game 338 of 8000 (base vs new)
Finished game 336 (base vs new): 0-1 {Black mates}
Started game 339 of 8000 (new vs base)
Finished game 337 (new vs base): 0-1 {Black mates}
Started game 340 of 8000 (base vs new)
Finished game 338 (base vs new): 0-1 {Black mates}
Started game 341 of 8000 (new vs base)
Finished game 339 (new vs base): 1/2-1/2 {Draw by 3-fold repetition}
Started game 342 of 8000 (base vs new)
Finished game 340 (base vs new): 0-1 {Black mates}
--------------------------------------------------
Results of new vs base (8+0.08, NULL, 16MB, UHO_Lichess_4852_v1.epd):
Elo: 63.02 +/- 21.65, nElo: 110.03 +/- 36.93
LOS: 100.00 %, DrawRatio: 40.59 %, PairsRatio: 3.04
Games: 340, Wins: 116, Losses: 55, Draws: 169, Points: 200.5 (58.97 %)
Ptnml(0-2): [0, 25, 69, 66, 10], WL/DD Ratio: 0.77
LLR: 1.44 (48.8%) (-2.94, 2.94) [0.00, 5.00]
--------------------------------------------------
Started game 343 of 8000 (new vs base)
Finished game 341 (new vs base): 1/2-1/2 {Draw by insufficient mating material}
Started game 344 of 8000 (base vs new)
Finished game 342 (base vs new): 1/2-1/2 {Draw by 3-fold repetition}
Started game 345 of 8000 (new vs base)
Finished game 343 (new vs base): 1-0 {White mates}
Started game 346 of 8000 (base vs new)
Finished game 344 (base vs new): 1/2-1/2 {Draw by insufficient mating material}
Started game 347 of 8000 (new vs base)
Finished game 345 (new vs base): 1-0 {White mates}
Started game 348 of 8000 (base vs new)
Finished game 346 (base vs new): 1/2-1/2 {Draw by 3-fold repetition}
Started game 349 of 8000 (new vs base)
Finished game 347 (new vs base): 1/2-1/2 {Draw by fifty moves rule}
Started game 350 of 8000 (base vs new)
Finished game 349 (new vs base): 1/2-1/2 {Draw by 3-fold repetition}
Started game 351 of 8000 (new vs base)
Finished game 350 (base vs new): 1/2-1/2 {Draw by insufficient mating material}
Started game 352 of 8000 (base vs new)
Finished game 348 (base vs new): 1/2-1/2 {Draw by fifty moves rule}
Started game 353 of 8000 (new vs base)
Finished game 351 (new vs base): 1-0 {White mates}
Started game 354 of 8000 (base vs new)
Finished game 352 (base vs new): 1/2-1/2 {Draw by 3-fold repetition}
Started game 355 of 8000 (new vs base)
Finished game 353 (new vs base): 1-0 {White mates}
Started game 356 of 8000 (base vs new)
Finished game 355 (new vs base): 1-0 {White mates}
Started game 357 of 8000 (new vs base)
Finished game 354 (base vs new): 1/2-1/2 {Draw by fifty moves rule}
Started game 358 of 8000 (base vs new)
Finished game 356 (base vs new): 0-1 {Black mates}
Started game 359 of 8000 (new vs base)
Finished game 357 (new vs base): 0-1 {Black mates}
Started game 360 of 8000 (base vs new)
Finished game 358 (base vs new): 0-1 {Black mates}
Started game 361 of 8000 (new vs base)
Finished game 359 (new vs base): 0-1 {Black mates}
Started game 362 of 8000 (base vs new)
Finished game 360 (base vs new): 0-1 {Black mates}
--------------------------------------------------
Results of new vs base (8+0.08, NULL, 16MB, UHO_Lichess_4852_v1.epd):
Elo: 65.42 +/- 20.95, nElo: 114.88 +/- 35.89
LOS: 100.00 %, DrawRatio: 41.11 %, PairsRatio: 3.24
Games: 360, Wins: 124, Losses: 57, Draws: 179, Points: 213.5 (59.31 %)
Ptnml(0-2): [0, 25, 74, 70, 11], WL/DD Ratio: 0.76
LLR: 1.55 (52.7%) (-2.94, 2.94) [0.00, 5.00]
--------------------------------------------------
Started game 363 of 8000 (new vs base)
Finished game 361 (new vs base): 1/2-1/2 {Draw by fifty moves rule}
Started game 364 of 8000 (base vs new)
Finished game 363 (new vs base): 1-0 {White mates}
Started game 365 of 8000 (new vs base)
Finished game 362 (base vs new): 0-1 {Black mates}
Started game 366 of 8000 (base vs new)
Finished game 364 (base vs new): 1/2-1/2 {Draw by 3-fold repetition}
Started game 367 of 8000 (new vs base)
Finished game 365 (new vs base): 1-0 {White mates}
Started game 368 of 8000 (base vs new)
Finished game 366 (base vs new): 1/2-1/2 {Draw by insufficient mating material}
Started game 369 of 8000 (new vs base)
Finished game 367 (new vs base): 0-1 {Black mates}
Started game 370 of 8000 (base vs new)
Finished game 368 (base vs new): 0-1 {Black mates}
Started game 371 of 8000 (new vs base)
Finished game 369 (new vs base): 0-1 {Black mates}
Started game 372 of 8000 (base vs new)
Finished game 370 (base vs new): 0-1 {Black mates}
Started game 373 of 8000 (new vs base)
Finished game 371 (new vs base): 1/2-1/2 {Draw by 3-fold repetition}
Started game 374 of 8000 (base vs new)
Finished game 374 (base vs new): 0-1 {Black mates}
Started game 375 of 8000 (new vs base)
Finished game 373 (new vs base): 1/2-1/2 {Draw by fifty moves rule}
Started game 376 of 8000 (base vs new)
Finished game 372 (base vs new): 1/2-1/2 {Draw by insufficient mating material}
Started game 377 of 8000 (new vs base)
Finished game 375 (new vs base): 1/2-1/2 {Draw by 3-fold repetition}
Started game 378 of 8000 (base vs new)
Finished game 376 (base vs new): 1-0 {White mates}
Started game 379 of 8000 (new vs base)
Finished game 378 (base vs new): 1/2-1/2 {Draw by 3-fold repetition}
Started game 380 of 8000 (base vs new)
Finished game 377 (new vs base): 1-0 {White mates}
Started game 381 of 8000 (new vs base)
Finished game 379 (new vs base): 1-0 {White mates}
Started game 382 of 8000 (base vs new)
Finished game 380 (base vs new): 1/2-1/2 {Draw by insufficient mating material}
--------------------------------------------------
Results of new vs base (8+0.08, NULL, 16MB, UHO_Lichess_4852_v1.epd):
Elo: 66.64 +/- 20.28, nElo: 117.78 +/- 34.93
LOS: 100.00 %, DrawRatio: 40.53 %, PairsRatio: 3.35
Games: 380, Wins: 132, Losses: 60, Draws: 188, Points: 226.0 (59.47 %)
Ptnml(0-2): [0, 26, 77, 76, 11], WL/DD Ratio: 0.79
LLR: 1.65 (56.1%) (-2.94, 2.94) [0.00, 5.00]
--------------------------------------------------
Started game 383 of 8000 (new vs base)
Finished game 381 (new vs base): 1/2-1/2 {Draw by 3-fold repetition}
Started game 384 of 8000 (base vs new)
Finished game 382 (base vs new): 0-1 {Black mates}
Started game 385 of 8000 (new vs base)
Finished game 384 (base vs new): 0-1 {Black mates}
Started game 386 of 8000 (base vs new)
Finished game 383 (new vs base): 1/2-1/2 {Draw by fifty moves rule}
Started game 387 of 8000 (new vs base)
Finished game 385 (new vs base): 1/2-1/2 {Draw by fifty moves rule}
Started game 388 of 8000 (base vs new)
Finished game 386 (base vs new): 1/2-1/2 {Draw by fifty moves rule}
Started game 389 of 8000 (new vs base)
Finished game 387 (new vs base): 1-0 {White mates}
Started game 390 of 8000 (base vs new)
Finished game 388 (base vs new): 1/2-1/2 {Draw by insufficient mating material}
Started game 391 of 8000 (new vs base)
Finished game 389 (new vs base): 1-0 {White mates}
Started game 392 of 8000 (base vs new)
Finished game 390 (base vs new): 1/2-1/2 {Draw by fifty moves rule}
Started game 393 of 8000 (new vs base)
Finished game 392 (base vs new): 1/2-1/2 {Draw by insufficient mating material}
Started game 394 of 8000 (base vs new)
Finished game 391 (new vs base): 1/2-1/2 {Draw by fifty moves rule}
Started game 395 of 8000 (new vs base)
Finished game 393 (new vs base): 1/2-1/2 {Draw by 3-fold repetition}
Started game 396 of 8000 (base vs new)
Finished game 396 (base vs new): 0-1 {Black mates}
Started game 397 of 8000 (new vs base)
Finished game 394 (base vs new): 1-0 {White mates}
Started game 398 of 8000 (base vs new)
Finished game 395 (new vs base): 1/2-1/2 {Draw by fifty moves rule}
Started game 399 of 8000 (new vs base)
Finished game 399 (new vs base): 1/2-1/2 {Draw by 3-fold repetition}
Started game 400 of 8000 (base vs new)
Finished game 397 (new vs base): 1/2-1/2 {Draw by 3-fold repetition}
Started game 401 of 8000 (new vs base)
Finished game 398 (base vs new): 1/2-1/2 {Draw by fifty moves rule}
Started game 402 of 8000 (base vs new)
Finished game 400 (base vs new): 1/2-1/2 {Draw by fifty moves rule}
--------------------------------------------------
Results of new vs base (8+0.08, NULL, 16MB, UHO_Lichess_4852_v1.epd):
Elo: 66.82 +/- 19.62, nElo: 118.99 +/- 34.05
LOS: 100.00 %, DrawRatio: 40.50 %, PairsRatio: 3.41
Games: 400, Wins: 137, Losses: 61, Draws: 202, Points: 238.0 (59.50 %)
Ptnml(0-2): [0, 27, 81, 81, 11], WL/DD Ratio: 0.72
LLR: 1.74 (59.1%) (-2.94, 2.94) [0.00, 5.00]
--------------------------------------------------
Started game 403 of 8000 (new vs base)
Finished game 402 (base vs new): 0-1 {Black mates}
Started game 404 of 8000 (base vs new)
Finished game 401 (new vs base): 0-1 {Black mates}
Started game 405 of 8000 (new vs base)
Finished game 404 (base vs new): 1/2-1/2 {Draw by 3-fold repetition}
Started game 406 of 8000 (base vs new)
Finished game 403 (new vs base): 1-0 {White mates}
Started game 407 of 8000 (new vs base)
Finished game 405 (new vs base): 0-1 {Black mates}
Started game 408 of 8000 (base vs new)
Finished game 406 (base vs new): 1/2-1/2 {Draw by 3-fold repetition}
Started game 409 of 8000 (new vs base)
Finished game 407 (new vs base): 1-0 {White mates}
Started game 410 of 8000 (base vs new)
Finished game 408 (base vs new): 1/2-1/2 {Draw by 3-fold repetition}
Started game 411 of 8000 (new vs base)
Finished game 411 (new vs base): 1/2-1/2 {Draw by insufficient mating material}
Started game 412 of 8000 (base vs new)
Finished game 409 (new vs base): 1/2-1/2 {Draw by fifty moves rule}
Started game 413 of 8000 (new vs base)
Finished game 410 (base vs new): 0-1 {Black mates}
Started game 414 of 8000 (base vs new)
Finished game 412 (base vs new): 1/2-1/2 {Draw by 3-fold repetition}
Started game 415 of 8000 (new vs base)
Finished game 413 (new vs base): 0-1 {Black mates}
Started game 416 of 8000 (base vs new)
Finished game 414 (base vs new): 1/2-1/2 {Draw by fifty moves rule}
Started game 417 of 8000 (new vs base)
Finished game 415 (new vs base): 0-1 {Black mates}
Started game 418 of 8000 (base vs new)
Finished game 416 (base vs new): 0-1 {Black mates}
Started game 419 of 8000 (new vs base)
Finished game 417 (new vs base): 1/2-1/2 {Draw by insufficient mating material}
Started game 420 of 8000 (base vs new)
Finished game 418 (base vs new): 1/2-1/2 {Draw by insufficient mating material}
Started game 421 of 8000 (new vs base)
Finished game 419 (new vs base): 1-0 {White mates}
Started game 422 of 8000 (base vs new)
Finished game 420 (base vs new): 1-0 {White mates}
--------------------------------------------------
Results of new vs base (8+0.08, NULL, 16MB, UHO_Lichess_4852_v1.epd):
Elo: 64.42 +/- 19.06, nElo: 115.04 +/- 33.23
LOS: 100.00 %, DrawRatio: 40.95 %, PairsRatio: 3.28
Games: 420, Wins: 143, Losses: 66, Draws: 211, Points: 248.5 (59.17 %)
Ptnml(0-2): [0, 29, 86, 84, 11], WL/DD Ratio: 0.76
LLR: 1.80 (61.0%) (-2.94, 2.94) [0.00, 5.00]
--------------------------------------------------
Started game 423 of 8000 (new vs base)
Finished game 421 (new vs base): 1-0 {White mates}
Started game 424 of 8000 (base vs new)
Finished game 422 (base vs new): 1/2-1/2 {Draw by 3-fold repetition}
Started game 425 of 8000 (new vs base)
Finished game 423 (new vs base): 0-1 {Black mates}
Started game 426 of 8000 (base vs new)
Finished game 424 (base vs new): 1/2-1/2 {Draw by 3-fold repetition}
Started game 427 of 8000 (new vs base)
Finished game 425 (new vs base): 1/2-1/2 {Draw by insufficient mating material}
Started game 428 of 8000 (base vs new)
Finished game 427 (new vs base): 1-0 {White mates}
Started game 429 of 8000 (new vs base)
Finished game 426 (base vs new): 1/2-1/2 {Draw by 3-fold repetition}
Started game 430 of 8000 (base vs new)
Finished game 428 (base vs new): 1/2-1/2 {Draw by 3-fold repetition}
Started game 431 of 8000 (new vs base)
Finished game 429 (new vs base): 1-0 {White mates}
Started game 432 of 8000 (base vs new)
Finished game 430 (base vs new): 1-0 {White mates}
Started game 433 of 8000 (new vs base)
Finished game 431 (new vs base): 1-0 {White mates}
Started game 434 of 8000 (base vs new)
Finished game 432 (base vs new): 0-1 {Black mates}
Started game 435 of 8000 (new vs base)
Finished game 433 (new vs base): 1-0 {White mates}
Started game 436 of 8000 (base vs new)
Finished game 436 (base vs new): 1/2-1/2 {Draw by 3-fold repetition}
Started game 437 of 8000 (new vs base)
Finished game 434 (base vs new): 1/2-1/2 {Draw by 3-fold repetition}
Started game 438 of 8000 (base vs new)
Finished game 435 (new vs base): 1/2-1/2 {Draw by 3-fold repetition}
Started game 439 of 8000 (new vs base)
Finished game 438 (base vs new): 1/2-1/2 {Draw by 3-fold repetition}
Started game 440 of 8000 (base vs new)
Finished game 437 (new vs base): 1-0 {White mates}
Started game 441 of 8000 (new vs base)
Finished game 439 (new vs base): 0-1 {Black mates}
Started game 442 of 8000 (base vs new)
Finished game 440 (base vs new): 0-1 {Black mates}
--------------------------------------------------
Results of new vs base (8+0.08, NULL, 16MB, UHO_Lichess_4852_v1.epd):
Elo: 65.51 +/- 18.68, nElo: 116.71 +/- 32.46
LOS: 100.00 %, DrawRatio: 40.91 %, PairsRatio: 3.33
Games: 440, Wins: 151, Losses: 69, Draws: 220, Points: 261.0 (59.32 %)
Ptnml(0-2): [0, 30, 90, 88, 12], WL/DD Ratio: 0.76
LLR: 1.90 (64.4%) (-2.94, 2.94) [0.00, 5.00]
--------------------------------------------------
Started game 443 of 8000 (new vs base)
Finished game 441 (new vs base): 0-1 {Black mates}
Started game 444 of 8000 (base vs new)
Finished game 442 (base vs new): 0-1 {Black mates}
Started game 445 of 8000 (new vs base)
Finished game 443 (new vs base): 1/2-1/2 {Draw by 3-fold repetition}
Started game 446 of 8000 (base vs new)
Finished game 445 (new vs base): 1/2-1/2 {Draw by 3-fold repetition}
Started game 447 of 8000 (new vs base)
Finished game 444 (base vs new): 1/2-1/2 {Draw by 3-fold repetition}
Started game 448 of 8000 (base vs new)
Finished game 446 (base vs new): 1/2-1/2 {Draw by 3-fold repetition}
Started game 449 of 8000 (new vs base)
Finished game 449 (new vs base): 1/2-1/2 {Draw by 3-fold repetition}
Started game 450 of 8000 (base vs new)
Finished game 447 (new vs base): 1-0 {White mates}
Started game 451 of 8000 (new vs base)
Finished game 448 (base vs new): 0-1 {Black mates}
Started game 452 of 8000 (base vs new)
Finished game 450 (base vs new): 0-1 {Black mates}
Started game 453 of 8000 (new vs base)
Finished game 452 (base vs new): 1-0 {White mates}
Started game 454 of 8000 (base vs new)
Finished game 451 (new vs base): 1/2-1/2 {Draw by 3-fold repetition}
Started game 455 of 8000 (new vs base)
Finished game 453 (new vs base): 1/2-1/2 {Draw by 3-fold repetition}
Started game 456 of 8000 (base vs new)
Finished game 454 (base vs new): 0-1 {Black mates}
Started game 457 of 8000 (new vs base)
Finished game 455 (new vs base): 0-1 {Black mates}
Started game 458 of 8000 (base vs new)
Finished game 456 (base vs new): 0-1 {Black mates}
Started game 459 of 8000 (new vs base)
Finished game 457 (new vs base): 0-1 {Black mates}
Started game 460 of 8000 (base vs new)
Finished game 458 (base vs new): 1/2-1/2 {Draw by fifty moves rule}
Started game 461 of 8000 (new vs base)
Finished game 459 (new vs base): 0-1 {Black mates}
Started game 462 of 8000 (base vs new)
Finished game 460 (base vs new): 1/2-1/2 {Draw by 3-fold repetition}
--------------------------------------------------
Results of new vs base (8+0.08, NULL, 16MB, UHO_Lichess_4852_v1.epd):
Elo: 63.38 +/- 18.45, nElo: 111.64 +/- 31.75
LOS: 100.00 %, DrawRatio: 40.87 %, PairsRatio: 3.12
Games: 460, Wins: 157, Losses: 74, Draws: 229, Points: 271.5 (59.02 %)
Ptnml(0-2): [0, 33, 94, 90, 13], WL/DD Ratio: 0.77
LLR: 1.95 (66.3%) (-2.94, 2.94) [0.00, 5.00]
--------------------------------------------------
Started game 463 of 8000 (new vs base)
Finished game 461 (new vs base): 1-0 {White mates}
Started game 464 of 8000 (base vs new)
Finished game 462 (base vs new): 1/2-1/2 {Draw by 3-fold repetition}
Started game 465 of 8000 (new vs base)
Finished game 463 (new vs base): 1-0 {White mates}
Started game 466 of 8000 (base vs new)
Finished game 464 (base vs new): 0-1 {Black mates}
Started game 467 of 8000 (new vs base)
Finished game 465 (new vs base): 1-0 {White mates}
Started game 468 of 8000 (base vs new)
Finished game 466 (base vs new): 1-0 {White mates}
Started game 469 of 8000 (new vs base)
Finished game 467 (new vs base): 1-0 {White mates}
Started game 470 of 8000 (base vs new)
Finished game 468 (base vs new): 1/2-1/2 {Draw by 3-fold repetition}
Started game 471 of 8000 (new vs base)
Finished game 469 (new vs base): 0-1 {Black mates}
Started game 472 of 8000 (base vs new)
Finished game 471 (new vs base): 1-0 {White mates}
Started game 473 of 8000 (new vs base)
Finished game 470 (base vs new): 1/2-1/2 {Draw by fifty moves rule}
Started game 474 of 8000 (base vs new)
Finished game 472 (base vs new): 1/2-1/2 {Draw by 3-fold repetition}
Started game 475 of 8000 (new vs base)
Finished game 474 (base vs new): 1/2-1/2 {Draw by 3-fold repetition}
Started game 476 of 8000 (base vs new)
Finished game 473 (new vs base): 1/2-1/2 {Draw by fifty moves rule}
Started game 477 of 8000 (new vs base)
Finished game 475 (new vs base): 1-0 {White mates}
Started game 478 of 8000 (base vs new)
Finished game 476 (base vs new): 0-1 {Black mates}
Started game 479 of 8000 (new vs base)
Finished game 477 (new vs base): 1/2-1/2 {Draw by 3-fold repetition}
Started game 480 of 8000 (base vs new)
Finished game 478 (base vs new): 0-1 {Black mates}
Started game 481 of 8000 (new vs base)
Finished game 479 (new vs base): 1/2-1/2 {Draw by 3-fold repetition}
Started game 482 of 8000 (base vs new)
Finished game 480 (base vs new): 1/2-1/2 {Draw by insufficient mating material}
--------------------------------------------------
Results of new vs base (8+0.08, NULL, 16MB, UHO_Lichess_4852_v1.epd):
Elo: 65.92 +/- 18.28, nElo: 114.92 +/- 31.08
LOS: 100.00 %, DrawRatio: 40.42 %, PairsRatio: 3.21
Games: 480, Wins: 166, Losses: 76, Draws: 238, Points: 285.0 (59.38 %)
Ptnml(0-2): [0, 34, 97, 94, 15], WL/DD Ratio: 0.76
LLR: 2.08 (70.5%) (-2.94, 2.94) [0.00, 5.00]
--------------------------------------------------
Started game 483 of 8000 (new vs base)
Finished game 482 (base vs new): 1/2-1/2 {Draw by 3-fold repetition}
Started game 484 of 8000 (base vs new)
Finished game 481 (new vs base): 1-0 {White mates}
Started game 485 of 8000 (new vs base)
Finished game 483 (new vs base): 1-0 {White mates}
Started game 486 of 8000 (base vs new)
Finished game 484 (base vs new): 1/2-1/2 {Draw by 3-fold repetition}
Started game 487 of 8000 (new vs base)
Finished game 485 (new vs base): 1-0 {White mates}
Started game 488 of 8000 (base vs new)
Finished game 486 (base vs new): 1/2-1/2 {Draw by 3-fold repetition}
Started game 489 of 8000 (new vs base)
Finished game 487 (new vs base): 1/2-1/2 {Draw by 3-fold repetition}
Started game 490 of 8000 (base vs new)
Finished game 488 (base vs new): 1/2-1/2 {Draw by 3-fold repetition}
Started game 491 of 8000 (new vs base)
Finished game 490 (base vs new): 0-1 {Black mates}
Started game 492 of 8000 (base vs new)
Finished game 489 (new vs base): 0-1 {Black mates}
Started game 493 of 8000 (new vs base)
Finished game 491 (new vs base): 1/2-1/2 {Draw by 3-fold repetition}
Started game 494 of 8000 (base vs new)
Finished game 492 (base vs new): 1/2-1/2 {Draw by 3-fold repetition}
Started game 495 of 8000 (new vs base)
Finished game 494 (base vs new): 0-1 {Black mates}
Started game 496 of 8000 (base vs new)
Finished game 493 (new vs base): 1-0 {White mates}
Started game 497 of 8000 (new vs base)
Finished game 495 (new vs base): 1-0 {White mates}
Started game 498 of 8000 (base vs new)
Finished game 496 (base vs new): 1/2-1/2 {Draw by 3-fold repetition}
Started game 499 of 8000 (new vs base)
Finished game 497 (new vs base): 0-1 {Black mates}
Started game 500 of 8000 (base vs new)
Finished game 498 (base vs new): 1/2-1/2 {Draw by 3-fold repetition}
Started game 501 of 8000 (new vs base)
Finished game 499 (new vs base): 1-0 {White mates}
Started game 502 of 8000 (base vs new)
Finished game 500 (base vs new): 0-1 {Black mates}
--------------------------------------------------
Results of new vs base (8+0.08, NULL, 16MB, UHO_Lichess_4852_v1.epd):
Elo: 68.27 +/- 18.11, nElo: 117.92 +/- 30.45
LOS: 100.00 %, DrawRatio: 40.00 %, PairsRatio: 3.29
Games: 500, Wins: 175, Losses: 78, Draws: 247, Points: 298.5 (59.70 %)
Ptnml(0-2): [0, 35, 100, 98, 17], WL/DD Ratio: 0.75
LLR: 2.20 (74.7%) (-2.94, 2.94) [0.00, 5.00]
--------------------------------------------------
Started game 503 of 8000 (new vs base)
Finished game 501 (new vs base): 1/2-1/2 {Draw by 3-fold repetition}
Started game 504 of 8000 (base vs new)
Finished game 503 (new vs base): 1/2-1/2 {Draw by 3-fold repetition}
Started game 505 of 8000 (new vs base)
Finished game 502 (base vs new): 1-0 {White mates}
Started game 506 of 8000 (base vs new)
Finished game 504 (base vs new): 1/2-1/2 {Draw by 3-fold repetition}
Started game 507 of 8000 (new vs base)
Finished game 505 (new vs base): 1/2-1/2 {Draw by 3-fold repetition}
Started game 508 of 8000 (base vs new)
Finished game 507 (new vs base): 1-0 {White mates}
Started game 509 of 8000 (new vs base)
Finished game 506 (base vs new): 1/2-1/2 {Draw by fifty moves rule}
Started game 510 of 8000 (base vs new)
Finished game 508 (base vs new): 0-1 {Black mates}
Started game 511 of 8000 (new vs base)
Finished game 510 (base vs new): 1-0 {White mates}
Started game 512 of 8000 (base vs new)
Finished game 509 (new vs base): 1/2-1/2 {Draw by 3-fold repetition}
Started game 513 of 8000 (new vs base)
Finished game 511 (new vs base): 1-0 {White mates}
Started game 514 of 8000 (base vs new)
Finished game 513 (new vs base): 1-0 {White mates}
Started game 515 of 8000 (new vs base)
Finished game 512 (base vs new): 1-0 {White mates}
Started game 516 of 8000 (base vs new)
Finished game 514 (base vs new): 1/2-1/2 {Draw by 3-fold repetition}
Started game 517 of 8000 (new vs base)
Finished game 515 (new vs base): 1-0 {White mates}
Started game 518 of 8000 (base vs new)
Finished game 517 (new vs base): 1-0 {White mates}
Started game 519 of 8000 (new vs base)
Finished game 516 (base vs new): 1-0 {White mates}
Started game 520 of 8000 (base vs new)
Finished game 518 (base vs new): 1-0 {White mates}
Started game 521 of 8000 (new vs base)
Finished game 519 (new vs base): 1-0 {White mates}
Started game 522 of 8000 (base vs new)
Finished game 520 (base vs new): 1-0 {White mates}
--------------------------------------------------
Results of new vs base (8+0.08, NULL, 16MB, UHO_Lichess_4852_v1.epd):
Elo: 66.27 +/- 17.78, nElo: 114.16 +/- 29.86
LOS: 100.00 %, DrawRatio: 40.77 %, PairsRatio: 3.16
Games: 520, Wins: 182, Losses: 84, Draws: 254, Points: 309.0 (59.42 %)
Ptnml(0-2): [0, 37, 106, 99, 18], WL/DD Ratio: 0.80
LLR: 2.26 (76.6%) (-2.94, 2.94) [0.00, 5.00]
--------------------------------------------------
Started game 523 of 8000 (new vs base)
Finished game 522 (base vs new): 1-0 {White mates}
Started game 524 of 8000 (base vs new)
Finished game 523 (new vs base): 1/2-1/2 {Draw by 3-fold repetition}
Started game 525 of 8000 (new vs base)
Finished game 521 (new vs base): 1/2-1/2 {Draw by 3-fold repetition}
Started game 526 of 8000 (base vs new)
Finished game 524 (base vs new): 0-1 {Black mates}
Started game 527 of 8000 (new vs base)
Finished game 526 (base vs new): 0-1 {Black mates}
Started game 528 of 8000 (base vs new)
Finished game 525 (new vs base): 1-0 {White mates}
Started game 529 of 8000 (new vs base)
Finished game 527 (new vs base): 1-0 {White mates}
Started game 530 of 8000 (base vs new)
Finished game 528 (base vs new): 1/2-1/2 {Draw by 3-fold repetition}
Started game 531 of 8000 (new vs base)
Finished game 529 (new vs base): 1-0 {White mates}
Started game 532 of 8000 (base vs new)
Finished game 530 (base vs new): 1/2-1/2 {Draw by 3-fold repetition}
Started game 533 of 8000 (new vs base)
Finished game 531 (new vs base): 0-1 {Black mates}
Started game 534 of 8000 (base vs new)
Finished game 532 (base vs new): 1/2-1/2 {Draw by 3-fold repetition}
Started game 535 of 8000 (new vs base)
Finished game 533 (new vs base): 1/2-1/2 {Draw by 3-fold repetition}
Started game 536 of 8000 (base vs new)
Finished game 534 (base vs new): 1/2-1/2 {Draw by 3-fold repetition}
Started game 537 of 8000 (new vs base)
Finished game 535 (new vs base): 0-1 {Black mates}
Started game 538 of 8000 (base vs new)
Finished game 536 (base vs new): 1/2-1/2 {Draw by 3-fold repetition}
Started game 539 of 8000 (new vs base)
Finished game 537 (new vs base): 1/2-1/2 {Draw by 3-fold repetition}
Started game 540 of 8000 (base vs new)
Finished game 538 (base vs new): 0-1 {Black mates}
Started game 541 of 8000 (new vs base)
Finished game 540 (base vs new): 0-1 {Black mates}
Started game 542 of 8000 (base vs new)
Finished game 539 (new vs base): 0-1 {Black mates}
--------------------------------------------------
Results of new vs base (8+0.08, NULL, 16MB, UHO_Lichess_4852_v1.epd):
Elo: 65.76 +/- 17.61, nElo: 112.18 +/- 29.30
LOS: 100.00 %, DrawRatio: 40.00 %, PairsRatio: 3.05
Games: 540, Wins: 189, Losses: 88, Draws: 263, Points: 320.5 (59.35 %)
Ptnml(0-2): [0, 40, 108, 103, 19], WL/DD Ratio: 0.80
LLR: 2.33 (79.2%) (-2.94, 2.94) [0.00, 5.00]
--------------------------------------------------
Started game 543 of 8000 (new vs base)
Finished game 541 (new vs base): 1/2-1/2 {Draw by 3-fold repetition}
Started game 544 of 8000 (base vs new)
Finished game 542 (base vs new): 0-1 {Black mates}
Started game 545 of 8000 (new vs base)
Finished game 543 (new vs base): 1-0 {White mates}
Started game 546 of 8000 (base vs new)
Finished game 544 (base vs new): 1/2-1/2 {Draw by insufficient mating material}
Started game 547 of 8000 (new vs base)
Finished game 545 (new vs base): 1/2-1/2 {Draw by 3-fold repetition}
Started game 548 of 8000 (base vs new)
Finished game 546 (base vs new): 0-1 {Black mates}
Started game 549 of 8000 (new vs base)
Finished game 547 (new vs base): 1/2-1/2 {Draw by fifty moves rule}
Started game 550 of 8000 (base vs new)
Finished game 548 (base vs new): 1/2-1/2 {Draw by 3-fold repetition}
Started game 551 of 8000 (new vs base)
Finished game 549 (new vs base): 1/2-1/2 {Draw by 3-fold repetition}
Started game 552 of 8000 (base vs new)
Finished game 550 (base vs new): 1/2-1/2 {Draw by 3-fold repetition}
Started game 553 of 8000 (new vs base)
Finished game 552 (base vs new): 0-1 {Black mates}
Started game 554 of 8000 (base vs new)
Finished game 553 (new vs base): 1/2-1/2 {Draw by 3-fold repetition}
Started game 555 of 8000 (new vs base)
Finished game 551 (new vs base): 0-1 {Black mates}
Started game 556 of 8000 (base vs new)
Finished game 554 (base vs new): 1/2-1/2 {Draw by 3-fold repetition}
Started game 557 of 8000 (new vs base)
Finished game 555 (new vs base): 1-0 {White mates}
Started game 558 of 8000 (base vs new)
Finished game 557 (new vs base): 1-0 {White mates}
Started game 559 of 8000 (new vs base)
Finished game 556 (base vs new): 1/2-1/2 {Draw by fifty moves rule}
Started game 560 of 8000 (base vs new)
Finished game 558 (base vs new): 1/2-1/2 {Draw by 3-fold repetition}
Started game 561 of 8000 (new vs base)
Finished game 559 (new vs base): 1/2-1/2 {Draw by 3-fold repetition}
Started game 562 of 8000 (base vs new)
Finished game 560 (base vs new): 1/2-1/2 {Draw by 3-fold repetition}
--------------------------------------------------
Results of new vs base (8+0.08, NULL, 16MB, UHO_Lichess_4852_v1.epd):
Elo: 66.57 +/- 17.12, nElo: 114.77 +/- 28.78
LOS: 100.00 %, DrawRatio: 40.36 %, PairsRatio: 3.17
Games: 560, Wins: 195, Losses: 89, Draws: 276, Points: 333.0 (59.46 %)
Ptnml(0-2): [0, 40, 113, 108, 19], WL/DD Ratio: 0.77
LLR: 2.43 (82.7%) (-2.94, 2.94) [0.00, 5.00]
--------------------------------------------------
Started game 563 of 8000 (new vs base)
Finished game 561 (new vs base): 1/2-1/2 {Draw by 3-fold repetition}
Started game 564 of 8000 (base vs new)
Finished game 563 (new vs base): 1/2-1/2 {Draw by insufficient mating material}
Started game 565 of 8000 (new vs base)
Finished game 562 (base vs new): 1/2-1/2 {Draw by fifty moves rule}
Started game 566 of 8000 (base vs new)
Finished game 564 (base vs new): 0-1 {Black mates}
Started game 567 of 8000 (new vs base)
Finished game 565 (new vs base): 1/2-1/2 {Draw by insufficient mating material}
Started game 568 of 8000 (base vs new)
Finished game 566 (base vs new): 1-0 {White mates}
Started game 569 of 8000 (new vs base)
Finished game 567 (new vs base): 1-0 {White mates}
Started game 570 of 8000 (base vs new)
Finished game 568 (base vs new): 1/2-1/2 {Draw by 3-fold repetition}
Started game 571 of 8000 (new vs base)
Finished game 571 (new vs base): 1/2-1/2 {Draw by 3-fold repetition}
Started game 572 of 8000 (base vs new)
Finished game 569 (new vs base): 1-0 {White mates}
Started game 573 of 8000 (new vs base)
Finished game 570 (base vs new): 1-0 {White mates}
Started game 574 of 8000 (base vs new)
Finished game 572 (base vs new): 1-0 {White mates}
Started game 575 of 8000 (new vs base)
Finished game 573 (new vs base): 1-0 {White mates}
Started game 576 of 8000 (base vs new)
Finished game 574 (base vs new): 1/2-1/2 {Draw by 3-fold repetition}
Started game 577 of 8000 (new vs base)
Finished game 575 (new vs base): 1/2-1/2 {Draw by 3-fold repetition}
Started game 578 of 8000 (base vs new)
Finished game 576 (base vs new): 1-0 {White mates}
Started game 579 of 8000 (new vs base)
Finished game 578 (base vs new): 0-1 {Black mates}
Started game 580 of 8000 (base vs new)
Finished game 577 (new vs base): 1/2-1/2 {Draw by fifty moves rule}
Started game 581 of 8000 (new vs base)
Finished game 579 (new vs base): 1-0 {White mates}
Started game 582 of 8000 (base vs new)
Finished game 580 (base vs new): 0-1 {Black mates}
--------------------------------------------------
Results of new vs base (8+0.08, NULL, 16MB, UHO_Lichess_4852_v1.epd):
Elo: 66.08 +/- 16.97, nElo: 112.89 +/- 28.28
LOS: 100.00 %, DrawRatio: 39.66 %, PairsRatio: 3.07
Games: 580, Wins: 202, Losses: 93, Draws: 285, Points: 344.5 (59.40 %)
Ptnml(0-2): [0, 43, 115, 112, 20], WL/DD Ratio: 0.77
LLR: 2.51 (85.3%) (-2.94, 2.94) [0.00, 5.00]
--------------------------------------------------
Started game 583 of 8000 (new vs base)
Finished game 581 (new vs base): 1/2-1/2 {Draw by fifty moves rule}
Started game 584 of 8000 (base vs new)
Finished game 582 (base vs new): 0-1 {Black mates}
Started game 585 of 8000 (new vs base)
Finished game 583 (new vs base): 1-0 {White mates}
Started game 586 of 8000 (base vs new)
Finished game 584 (base vs new): 1/2-1/2 {Draw by 3-fold repetition}
Started game 587 of 8000 (new vs base)
Finished game 586 (base vs new): 0-1 {Black mates}
Started game 588 of 8000 (base vs new)
Finished game 585 (new vs base): 1/2-1/2 {Draw by fifty moves rule}
Started game 589 of 8000 (new vs base)
Finished game 587 (new vs base): 1-0 {White mates}
Started game 590 of 8000 (base vs new)
Finished game 590 (base vs new): 1/2-1/2 {Draw by 3-fold repetition}
Started game 591 of 8000 (new vs base)
Finished game 588 (base vs new): 0-1 {Black mates}
Started game 592 of 8000 (base vs new)
Finished game 589 (new vs base): 1-0 {White mates}
Started game 593 of 8000 (new vs base)
Finished game 591 (new vs base): 1-0 {White mates}
Started game 594 of 8000 (base vs new)
Finished game 592 (base vs new): 1/2-1/2 {Draw by fifty moves rule}
Started game 595 of 8000 (new vs base)
Finished game 593 (new vs base): 1-0 {White mates}
Started game 596 of 8000 (base vs new)
Finished game 596 (base vs new): 1/2-1/2 {Draw by 3-fold repetition}
Started game 597 of 8000 (new vs base)
Finished game 595 (new vs base): 1-0 {White mates}
Started game 598 of 8000 (base vs new)
Finished game 594 (base vs new): 1-0 {White mates}
Started game 599 of 8000 (new vs base)
Finished game 597 (new vs base): 1/2-1/2 {Draw by 3-fold repetition}
Started game 600 of 8000 (base vs new)
Finished game 598 (base vs new): 0-1 {Black mates}
Started game 601 of 8000 (new vs base)
Finished game 600 (base vs new): 0-1 {Black mates}
Started game 602 of 8000 (base vs new)
Finished game 599 (new vs base): 1-0 {White mates}
--------------------------------------------------
Results of new vs base (8+0.08, NULL, 16MB, UHO_Lichess_4852_v1.epd):
Elo: 70.44 +/- 16.82, nElo: 119.76 +/- 27.80
LOS: 100.00 %, DrawRatio: 38.67 %, PairsRatio: 3.28
Games: 600, Wins: 214, Losses: 94, Draws: 292, Points: 360.0 (60.00 %)
Ptnml(0-2): [0, 43, 116, 119, 22], WL/DD Ratio: 0.78
LLR: 2.68 (91.1%) (-2.94, 2.94) [0.00, 5.00]
--------------------------------------------------
Started game 603 of 8000 (new vs base)
Finished game 601 (new vs base): 1-0 {White mates}
Started game 604 of 8000 (base vs new)
Finished game 602 (base vs new): 1/2-1/2 {Draw by 3-fold repetition}
Started game 605 of 8000 (new vs base)
Finished game 603 (new vs base): 1/2-1/2 {Draw by 3-fold repetition}
Started game 606 of 8000 (base vs new)
Finished game 605 (new vs base): 1/2-1/2 {Draw by insufficient mating material}
Started game 607 of 8000 (new vs base)
Finished game 604 (base vs new): 1/2-1/2 {Draw by fifty moves rule}
Started game 608 of 8000 (base vs new)
Finished game 606 (base vs new): 1/2-1/2 {Draw by 3-fold repetition}
Started game 609 of 8000 (new vs base)
Finished game 607 (new vs base): 1/2-1/2 {Draw by 3-fold repetition}
Started game 610 of 8000 (base vs new)
Finished game 608 (base vs new): 1/2-1/2 {Draw by fifty moves rule}
Started game 611 of 8000 (new vs base)
Finished game 609 (new vs base): 1/2-1/2 {Draw by 3-fold repetition}
Started game 612 of 8000 (base vs new)
Finished game 610 (base vs new): 0-1 {Black mates}
Started game 613 of 8000 (new vs base)
Finished game 611 (new vs base): 1/2-1/2 {Draw by 3-fold repetition}
Started game 614 of 8000 (base vs new)
Finished game 612 (base vs new): 1/2-1/2 {Draw by insufficient mating material}
Started game 615 of 8000 (new vs base)
Finished game 613 (new vs base): 1-0 {White mates}
Started game 616 of 8000 (base vs new)
Finished game 614 (base vs new): 0-1 {Black mates}
Started game 617 of 8000 (new vs base)
Finished game 616 (base vs new): 1/2-1/2 {Draw by insufficient mating material}
Started game 618 of 8000 (base vs new)
Finished game 615 (new vs base): 1/2-1/2 {Draw by insufficient mating material}
Started game 619 of 8000 (new vs base)
Finished game 617 (new vs base): 0-1 {Black mates}
Started game 620 of 8000 (base vs new)
Finished game 618 (base vs new): 0-1 {Black mates}
Started game 621 of 8000 (new vs base)
Finished game 619 (new vs base): 1-0 {White mates}
Started game 622 of 8000 (base vs new)
Finished game 620 (base vs new): 0-1 {Black mates}
--------------------------------------------------
Results of new vs base (8+0.08, NULL, 16MB, UHO_Lichess_4852_v1.epd):
Elo: 71.60 +/- 16.57, nElo: 121.67 +/- 27.35
LOS: 100.00 %, DrawRatio: 39.35 %, PairsRatio: 3.37
Games: 620, Wins: 221, Losses: 95, Draws: 304, Points: 373.0 (60.16 %)
Ptnml(0-2): [0, 43, 122, 121, 24], WL/DD Ratio: 0.74
LLR: 2.79 (94.9%) (-2.94, 2.94) [0.00, 5.00]
--------------------------------------------------
Started game 623 of 8000 (new vs base)
Finished game 621 (new vs base): 1-0 {White mates}
Started game 624 of 8000 (base vs new)
Finished game 622 (base vs new): 1/2-1/2 {Draw by 3-fold repetition}
Started game 625 of 8000 (new vs base)
Finished game 623 (new vs base): 0-1 {Black mates}
Started game 626 of 8000 (base vs new)
Finished game 624 (base vs new): 0-1 {Black mates}
Started game 627 of 8000 (new vs base)
Finished game 625 (new vs base): 1/2-1/2 {Draw by 3-fold repetition}
Started game 628 of 8000 (base vs new)
Finished game 626 (base vs new): 1-0 {White mates}
Started game 629 of 8000 (new vs base)
Finished game 629 (new vs base): 1/2-1/2 {Draw by 3-fold repetition}
Started game 630 of 8000 (base vs new)
Finished game 628 (base vs new): 1-0 {White mates}
Started game 631 of 8000 (new vs base)
Finished game 627 (new vs base): 1-0 {White mates}
Started game 632 of 8000 (base vs new)
Finished game 631 (new vs base): 1/2-1/2 {Draw by 3-fold repetition}
Started game 633 of 8000 (new vs base)
Finished game 632 (base vs new): 1/2-1/2 {Draw by 3-fold repetition}
Started game 634 of 8000 (base vs new)
Finished game 630 (base vs new): 1/2-1/2 {Draw by fifty moves rule}
Started game 635 of 8000 (new vs base)
Finished game 633 (new vs base): 1-0 {White mates}
Started game 636 of 8000 (base vs new)
Finished game 635 (new vs base): 0-1 {Black mates}
Started game 637 of 8000 (new vs base)
Finished game 634 (base vs new): 1/2-1/2 {Draw by 3-fold repetition}
Started game 638 of 8000 (base vs new)
Finished game 636 (base vs new): 0-1 {Black mates}
Started game 639 of 8000 (new vs base)
Finished game 638 (base vs new): 1-0 {White mates}
Started game 640 of 8000 (base vs new)
Finished game 637 (new vs base): 1-0 {White mates}
Started game 641 of 8000 (new vs base)
Finished game 640 (base vs new): 1/2-1/2 {Draw by 3-fold repetition}
Started game 642 of 8000 (base vs new)
Finished game 639 (new vs base): 0-1 {Black mates}
--------------------------------------------------
Results of new vs base (8+0.08, NULL, 16MB, UHO_Lichess_4852_v1.epd):
Elo: 69.31 +/- 16.22, nElo: 118.18 +/- 26.92
LOS: 100.00 %, DrawRatio: 40.00 %, PairsRatio: 3.27
Games: 640, Wins: 227, Losses: 101, Draws: 312, Points: 383.0 (59.84 %)
Ptnml(0-2): [0, 45, 128, 123, 24], WL/DD Ratio: 0.78
LLR: 2.84 (96.4%) (-2.94, 2.94) [0.00, 5.00]
--------------------------------------------------
Started game 643 of 8000 (new vs base)
Finished game 641 (new vs base): 1-0 {White mates}
Started game 644 of 8000 (base vs new)
Finished game 642 (base vs new): 0-1 {Black mates}
Started game 645 of 8000 (new vs base)
Finished game 643 (new vs base): 1-0 {White mates}
Started game 646 of 8000 (base vs new)
Finished game 644 (base vs new): 1-0 {White mates}
Started game 647 of 8000 (new vs base)
Finished game 645 (new vs base): 1-0 {White mates}
Started game 648 of 8000 (base vs new)
Finished game 646 (base vs new): 1/2-1/2 {Draw by 3-fold repetition}
Started game 649 of 8000 (new vs base)
Finished game 647 (new vs base): 1-0 {White mates}
Started game 650 of 8000 (base vs new)
Finished game 648 (base vs new): 1-0 {White mates}
Started game 651 of 8000 (new vs base)
Finished game 649 (new vs base): 1-0 {White mates}
Started game 652 of 8000 (base vs new)
Finished game 650 (base vs new): 0-1 {Black mates}
Started game 653 of 8000 (new vs base)
Finished game 652 (base vs new): 0-1 {Black mates}
Started game 654 of 8000 (base vs new)
Finished game 651 (new vs base): 0-1 {Black mates}
Started game 655 of 8000 (new vs base)
Finished game 653 (new vs base): 1/2-1/2 {Draw by 3-fold repetition}
Started game 656 of 8000 (base vs new)
Finished game 656 (base vs new): 1/2-1/2 {Draw by 3-fold repetition}
Started game 657 of 8000 (new vs base)
Finished game 655 (new vs base): 1/2-1/2 {Draw by 3-fold repetition}
Started game 658 of 8000 (base vs new)
Finished game 654 (base vs new): 0-1 {Black mates}
Started game 659 of 8000 (new vs base)
Finished game 658 (base vs new): 1/2-1/2 {Draw by 3-fold repetition}
Started game 660 of 8000 (base vs new)
Finished game 657 (new vs base): 1-0 {White mates}
--------------------------------------------------
Results of new vs base (8+0.08, NULL, 16MB, UHO_Lichess_4852_v1.epd):
Elo: 71.21 +/- 16.06, nElo: 121.11 +/- 26.55
LOS: 100.00 %, DrawRatio: 40.12 %, PairsRatio: 3.38
Games: 658, Wins: 237, Losses: 104, Draws: 317, Points: 395.5 (60.11 %)
Ptnml(0-2): [0, 45, 132, 126, 26], WL/DD Ratio: 0.81
LLR: 2.96 (100.4%) (-2.94, 2.94) [0.00, 5.00]
--------------------------------------------------
SPRT ([0.00, 5.00]) completed - H1 was accepted
Finished match
Total Time: 01:44:23 (hours:minutes:seconds)

