Indexing opening suite...
Started game 1 of 8000 (new vs base)
Started game 2 of 8000 (base vs new)
Finished game 1 (new vs base): 0-1 {Black mates}
Started game 3 of 8000 (new vs base)
Finished game 2 (base vs new): 0-1 {Black mates}
Started game 4 of 8000 (base vs new)
Finished game 4 (base vs new): 0-1 {Black mates}
Started game 5 of 8000 (new vs base)
Finished game 3 (new vs base): 1-0 {White mates}
Started game 6 of 8000 (base vs new)
Finished game 5 (new vs base): 1-0 {White mates}
Started game 7 of 8000 (new vs base)
Finished game 6 (base vs new): 0-1 {Black mates}
Started game 8 of 8000 (base vs new)
Finished game 7 (new vs base): 1-0 {White mates}
Started game 9 of 8000 (new vs base)
Finished game 8 (base vs new): 0-1 {Black mates}
Started game 10 of 8000 (base vs new)
Finished game 9 (new vs base): 1-0 {White mates}
Started game 11 of 8000 (new vs base)
Finished game 11 (new vs base): 1-0 {White mates}
Started game 12 of 8000 (base vs new)
Finished game 10 (base vs new): 0-1 {Black mates}
Started game 13 of 8000 (new vs base)
Finished game 13 (new vs base): 1-0 {White mates}
Started game 14 of 8000 (base vs new)
Finished game 12 (base vs new): 1/2-1/2 {Draw by 3-fold repetition}
Started game 15 of 8000 (new vs base)
Finished game 14 (base vs new): 0-1 {Black mates}
Started game 16 of 8000 (base vs new)
Finished game 15 (new vs base): 1-0 {White mates}
Started game 17 of 8000 (new vs base)
Finished game 16 (base vs new): 0-1 {Black mates}
Started game 18 of 8000 (base vs new)
Finished game 17 (new vs base): 1-0 {White mates}
Started game 19 of 8000 (new vs base)
Finished game 18 (base vs new): 0-1 {Black mates}
Started game 20 of 8000 (base vs new)
Finished game 19 (new vs base): 1-0 {White mates}
Started game 21 of 8000 (new vs base)
Finished game 20 (base vs new): 1-0 {White mates}
--------------------------------------------------
Results of new vs base (8+0.08, NULL, 16MB, UHO_Lichess_4852_v1.epd):
Elo: 338.04 +/- 728.01, nElo: 457.08 +/- 152.27
LOS: 100.00 %, DrawRatio: 20.00 %, PairsRatio: inf
Games: 20, Wins: 17, Losses: 2, Draws: 1, Points: 17.5 (87.50 %)
Ptnml(0-2): [0, 0, 2, 1, 7], WL/DD Ratio: inf
LLR: 0.34 (11.7%) (-2.94, 2.94) [0.00, 10.00]
--------------------------------------------------
Started game 22 of 8000 (base vs new)
Finished game 21 (new vs base): 1-0 {White mates}
Started game 23 of 8000 (new vs base)
Finished game 22 (base vs new): 0-1 {Black mates}
Started game 24 of 8000 (base vs new)
Finished game 23 (new vs base): 1-0 {White mates}
Started game 25 of 8000 (new vs base)
Finished game 24 (base vs new): 0-1 {Black mates}
Started game 26 of 8000 (base vs new)
Finished game 25 (new vs base): 1-0 {White mates}
Started game 27 of 8000 (new vs base)
Finished game 26 (base vs new): 0-1 {Black mates}
Started game 28 of 8000 (base vs new)
Finished game 27 (new vs base): 1-0 {White mates}
Started game 29 of 8000 (new vs base)
Finished game 29 (new vs base): 1-0 {White mates}
Started game 30 of 8000 (base vs new)
Finished game 30 (base vs new): 0-1 {Black mates}
Started game 31 of 8000 (new vs base)
Finished game 28 (base vs new): 1/2-1/2 {Draw by fifty moves rule}
Started game 32 of 8000 (base vs new)
Finished game 31 (new vs base): 1-0 {White mates}
Started game 33 of 8000 (new vs base)
Finished game 32 (base vs new): 0-1 {Black mates}
Started game 34 of 8000 (base vs new)
Finished game 33 (new vs base): 1-0 {White mates}
Started game 35 of 8000 (new vs base)
Finished game 34 (base vs new): 0-1 {Black mates}
Started game 36 of 8000 (base vs new)
Finished game 35 (new vs base): 1-0 {White mates}
Started game 37 of 8000 (new vs base)
Finished game 36 (base vs new): 0-1 {Black mates}
Started game 38 of 8000 (base vs new)
Finished game 37 (new vs base): 1/2-1/2 {Draw by 3-fold repetition}
Started game 39 of 8000 (new vs base)
Finished game 38 (base vs new): 0-1 {Black mates}
Started game 40 of 8000 (base vs new)
Finished game 39 (new vs base): 1-0 {White mates}
Started game 41 of 8000 (new vs base)
Finished game 41 (new vs base): 1-0 {White mates}
Started game 42 of 8000 (base vs new)
Finished game 42 (base vs new): 0-1 {Black mates}
Started game 43 of 8000 (new vs base)
Finished game 40 (base vs new): 1/2-1/2 {Draw by fifty moves rule}
--------------------------------------------------
Results of new vs base (8+0.08, NULL, 16MB, UHO_Lichess_4852_v1.epd):
Elo: 391.09 +/- 175.90, nElo: 609.20 +/- 105.07
LOS: 100.00 %, DrawRatio: 9.52 %, PairsRatio: inf
Games: 42, Wins: 36, Losses: 2, Draws: 4, Points: 38.0 (90.48 %)
Ptnml(0-2): [0, 0, 2, 4, 15], WL/DD Ratio: inf
LLR: 0.75 (25.5%) (-2.94, 2.94) [0.00, 10.00]
--------------------------------------------------
Started game 44 of 8000 (base vs new)
Finished game 44 (base vs new): 0-1 {Black mates}
Started game 45 of 8000 (new vs base)
Finished game 43 (new vs base): 1-0 {White mates}
Started game 46 of 8000 (base vs new)
Finished game 46 (base vs new): 0-1 {Black mates}
Started game 47 of 8000 (new vs base)
Finished game 45 (new vs base): 1-0 {White mates}
Started game 48 of 8000 (base vs new)
Finished game 47 (new vs base): 1-0 {White mates}
Started game 49 of 8000 (new vs base)
Finished game 48 (base vs new): 0-1 {Black mates}
Started game 50 of 8000 (base vs new)
Finished game 49 (new vs base): 1-0 {White mates}
Started game 51 of 8000 (new vs base)
Finished game 50 (base vs new): 0-1 {Black mates}
Started game 52 of 8000 (base vs new)
Finished game 51 (new vs base): 1-0 {White mates}
Started game 53 of 8000 (new vs base)
Finished game 52 (base vs new): 0-1 {Black mates}
Started game 54 of 8000 (base vs new)
Finished game 53 (new vs base): 1-0 {White mates}
Started game 55 of 8000 (new vs base)
Finished game 54 (base vs new): 0-1 {Black mates}
Started game 56 of 8000 (base vs new)
Finished game 55 (new vs base): 1-0 {White mates}
Started game 57 of 8000 (new vs base)
Finished game 56 (base vs new): 0-1 {Black mates}
Started game 58 of 8000 (base vs new)
Finished game 57 (new vs base): 1-0 {White mates}
Started game 59 of 8000 (new vs base)
Finished game 59 (new vs base): 1-0 {White mates}
Started game 60 of 8000 (base vs new)
Finished game 58 (base vs new): 0-1 {Black mates}
Started game 61 of 8000 (new vs base)
Finished game 60 (base vs new): 0-1 {Black mates}
--------------------------------------------------
Results of new vs base (8+0.08, NULL, 16MB, UHO_Lichess_4852_v1.epd):
Elo: 458.45 +/- 186.62, nElo: 742.53 +/- 87.91
LOS: 100.00 %, DrawRatio: 6.67 %, PairsRatio: inf
Games: 60, Wins: 54, Losses: 2, Draws: 4, Points: 56.0 (93.33 %)
Ptnml(0-2): [0, 0, 2, 4, 24], WL/DD Ratio: inf
LLR: 1.11 (37.8%) (-2.94, 2.94) [0.00, 10.00]
--------------------------------------------------
Started game 62 of 8000 (base vs new)
Finished game 61 (new vs base): 1-0 {White mates}
Started game 63 of 8000 (new vs base)
Finished game 62 (base vs new): 0-1 {Black mates}
Started game 64 of 8000 (base vs new)
Finished game 63 (new vs base): 1-0 {White mates}
Started game 65 of 8000 (new vs base)
Finished game 64 (base vs new): 0-1 {Black mates}
Started game 66 of 8000 (base vs new)
Finished game 65 (new vs base): 1-0 {White mates}
Started game 67 of 8000 (new vs base)
Finished game 66 (base vs new): 0-1 {Black mates}
Started game 68 of 8000 (base vs new)
Finished game 67 (new vs base): 1-0 {White mates}
Started game 69 of 8000 (new vs base)
Finished game 68 (base vs new): 0-1 {Black mates}
Started game 70 of 8000 (base vs new)
Finished game 69 (new vs base): 1-0 {White mates}
Started game 71 of 8000 (new vs base)
Finished game 70 (base vs new): 0-1 {Black mates}
Started game 72 of 8000 (base vs new)
Finished game 71 (new vs base): 1-0 {White mates}
Started game 73 of 8000 (new vs base)
Finished game 72 (base vs new): 0-1 {Black mates}
Started game 74 of 8000 (base vs new)
Finished game 73 (new vs base): 1-0 {White mates}
Started game 75 of 8000 (new vs base)
Finished game 74 (base vs new): 0-1 {Black mates}
Started game 76 of 8000 (base vs new)
Finished game 75 (new vs base): 1-0 {White mates}
Started game 77 of 8000 (new vs base)
Finished game 76 (base vs new): 0-1 {Black mates}
Started game 78 of 8000 (base vs new)
Finished game 77 (new vs base): 1-0 {White mates}
Started game 79 of 8000 (new vs base)
Finished game 79 (new vs base): 1-0 {White mates}
Started game 80 of 8000 (base vs new)
Finished game 78 (base vs new): 0-1 {Black mates}
Started game 81 of 8000 (new vs base)
Finished game 80 (base vs new): 0-1 {Black mates}
--------------------------------------------------
Results of new vs base (8+0.08, NULL, 16MB, UHO_Lichess_4852_v1.epd):
Elo: 511.50 +/- 193.39, nElo: 867.25 +/- 76.13
LOS: 100.00 %, DrawRatio: 5.00 %, PairsRatio: inf
Games: 80, Wins: 74, Losses: 2, Draws: 4, Points: 76.0 (95.00 %)
Ptnml(0-2): [0, 0, 2, 4, 34], WL/DD Ratio: inf
LLR: 1.51 (51.3%) (-2.94, 2.94) [0.00, 10.00]
--------------------------------------------------
Started game 82 of 8000 (base vs new)
Finished game 81 (new vs base): 1-0 {White mates}
Started game 83 of 8000 (new vs base)
Finished game 82 (base vs new): 0-1 {Black mates}
Started game 84 of 8000 (base vs new)
Finished game 83 (new vs base): 1-0 {White mates}
Started game 85 of 8000 (new vs base)
Finished game 84 (base vs new): 0-1 {Black mates}
Started game 86 of 8000 (base vs new)
Finished game 85 (new vs base): 1-0 {White mates}
Started game 87 of 8000 (new vs base)
Finished game 86 (base vs new): 0-1 {Black mates}
Started game 88 of 8000 (base vs new)
Finished game 87 (new vs base): 1-0 {White mates}
Started game 89 of 8000 (new vs base)
Finished game 88 (base vs new): 0-1 {Black mates}
Started game 90 of 8000 (base vs new)
Finished game 89 (new vs base): 1-0 {White mates}
Started game 91 of 8000 (new vs base)
Finished game 90 (base vs new): 0-1 {Black mates}
Started game 92 of 8000 (base vs new)
Finished game 91 (new vs base): 1-0 {White mates}
Started game 93 of 8000 (new vs base)
Finished game 92 (base vs new): 0-1 {Black mates}
Started game 94 of 8000 (base vs new)
Finished game 93 (new vs base): 1-0 {White mates}
Started game 95 of 8000 (new vs base)
Finished game 94 (base vs new): 0-1 {Black mates}
Started game 96 of 8000 (base vs new)
Finished game 95 (new vs base): 1-0 {White mates}
Started game 97 of 8000 (new vs base)
Finished game 97 (new vs base): 1-0 {White mates}
Started game 98 of 8000 (base vs new)
Finished game 96 (base vs new): 0-1 {Black mates}
Started game 99 of 8000 (new vs base)
Finished game 98 (base vs new): 0-1 {Black mates}
Started game 100 of 8000 (base vs new)
Finished game 99 (new vs base): 1-0 {White mates}
Started game 101 of 8000 (new vs base)
Finished game 100 (base vs new): 0-1 {Black mates}
--------------------------------------------------
Results of new vs base (8+0.08, NULL, 16MB, UHO_Lichess_4852_v1.epd):
Elo: 552.08 +/- 197.70, nElo: 976.26 +/- 68.10
LOS: 100.00 %, DrawRatio: 4.00 %, PairsRatio: inf
Games: 100, Wins: 94, Losses: 2, Draws: 4, Points: 96.0 (96.00 %)
Ptnml(0-2): [0, 0, 2, 4, 44], WL/DD Ratio: inf
LLR: 1.91 (64.9%) (-2.94, 2.94) [0.00, 10.00]
--------------------------------------------------
Started game 102 of 8000 (base vs new)
Finished game 101 (new vs base): 1-0 {White mates}
Started game 103 of 8000 (new vs base)
Finished game 102 (base vs new): 0-1 {Black mates}
Started game 104 of 8000 (base vs new)
Finished game 103 (new vs base): 1-0 {White mates}
Started game 105 of 8000 (new vs base)
Finished game 105 (new vs base): 1-0 {White mates}
Started game 106 of 8000 (base vs new)
Finished game 104 (base vs new): 1/2-1/2 {Draw by fifty moves rule}
Started game 107 of 8000 (new vs base)
Finished game 106 (base vs new): 0-1 {Black mates}
Started game 108 of 8000 (base vs new)
Finished game 107 (new vs base): 1-0 {White mates}
Started game 109 of 8000 (new vs base)
Finished game 108 (base vs new): 0-1 {Black mates}
Started game 110 of 8000 (base vs new)
Finished game 109 (new vs base): 1-0 {White mates}
Started game 111 of 8000 (new vs base)
Finished game 110 (base vs new): 0-1 {Black mates}
Started game 112 of 8000 (base vs new)
Finished game 111 (new vs base): 1-0 {White mates}
Started game 113 of 8000 (new vs base)
Finished game 112 (base vs new): 0-1 {Black mates}
Started game 114 of 8000 (base vs new)
Finished game 113 (new vs base): 1-0 {White mates}
Started game 115 of 8000 (new vs base)
Finished game 114 (base vs new): 0-1 {Black mates}
Started game 116 of 8000 (base vs new)
Finished game 115 (new vs base): 1-0 {White mates}
Started game 117 of 8000 (new vs base)
Finished game 117 (new vs base): 1-0 {White mates}
Started game 118 of 8000 (base vs new)
Finished game 116 (base vs new): 0-1 {Black mates}
Started game 119 of 8000 (new vs base)
Finished game 118 (base vs new): 0-1 {Black mates}
Started game 120 of 8000 (base vs new)
Finished game 119 (new vs base): 1-0 {White mates}
Started game 121 of 8000 (new vs base)
Finished game 120 (base vs new): 0-1 {Black mates}
--------------------------------------------------
Results of new vs base (8+0.08, NULL, 16MB, UHO_Lichess_4852_v1.epd):
Elo: 563.75 +/- 171.42, nElo: 1031.44 +/- 62.16
LOS: 100.00 %, DrawRatio: 3.33 %, PairsRatio: inf
Games: 120, Wins: 113, Losses: 2, Draws: 5, Points: 115.5 (96.25 %)
Ptnml(0-2): [0, 0, 2, 5, 53], WL/DD Ratio: inf
LLR: 2.30 (78.1%) (-2.94, 2.94) [0.00, 10.00]
--------------------------------------------------
Started game 122 of 8000 (base vs new)
Finished game 121 (new vs base): 1-0 {White mates}
Started game 123 of 8000 (new vs base)
Finished game 122 (base vs new): 0-1 {Black mates}
Started game 124 of 8000 (base vs new)
Finished game 123 (new vs base): 1-0 {White mates}
Started game 125 of 8000 (new vs base)
Finished game 124 (base vs new): 0-1 {Black mates}
Started game 126 of 8000 (base vs new)
Finished game 125 (new vs base): 1-0 {White mates}
Started game 127 of 8000 (new vs base)
Finished game 126 (base vs new): 0-1 {Black mates}
Started game 128 of 8000 (base vs new)
Finished game 127 (new vs base): 1-0 {White mates}
Started game 129 of 8000 (new vs base)
Finished game 129 (new vs base): 1-0 {White mates}
Started game 130 of 8000 (base vs new)
Finished game 128 (base vs new): 0-1 {Black mates}
Started game 131 of 8000 (new vs base)
Finished game 130 (base vs new): 0-1 {Black mates}
Started game 132 of 8000 (base vs new)
Finished game 131 (new vs base): 1-0 {White mates}
Started game 133 of 8000 (new vs base)
Finished game 132 (base vs new): 0-1 {Black mates}
Started game 134 of 8000 (base vs new)
Finished game 133 (new vs base): 1-0 {White mates}
Started game 135 of 8000 (new vs base)
Finished game 134 (base vs new): 0-1 {Black mates}
Started game 136 of 8000 (base vs new)
Finished game 135 (new vs base): 1-0 {White mates}
Started game 137 of 8000 (new vs base)
Finished game 136 (base vs new): 0-1 {Black mates}
Started game 138 of 8000 (base vs new)
Finished game 137 (new vs base): 1-0 {White mates}
Started game 139 of 8000 (new vs base)
Finished game 138 (base vs new): 0-1 {Black mates}
Started game 140 of 8000 (base vs new)
Finished game 139 (new vs base): 1-0 {White mates}
Started game 141 of 8000 (new vs base)
Finished game 140 (base vs new): 0-1 {Black mates}
--------------------------------------------------
Results of new vs base (8+0.08, NULL, 16MB, UHO_Lichess_4852_v1.epd):
Elo: 591.49 +/- 173.12, nElo: 1117.77 +/- 57.55
LOS: 100.00 %, DrawRatio: 2.86 %, PairsRatio: inf
Games: 140, Wins: 133, Losses: 2, Draws: 5, Points: 135.5 (96.79 %)
Ptnml(0-2): [0, 0, 2, 5, 63], WL/DD Ratio: inf
LLR: 2.70 (91.6%) (-2.94, 2.94) [0.00, 10.00]
--------------------------------------------------
Started game 142 of 8000 (base vs new)
Finished game 141 (new vs base): 1-0 {White mates}
Started game 143 of 8000 (new vs base)
Finished game 142 (base vs new): 0-1 {Black mates}
Started game 144 of 8000 (base vs new)
Finished game 143 (new vs base): 1-0 {White mates}
Started game 145 of 8000 (new vs base)
Finished game 144 (base vs new): 0-1 {Black mates}
Started game 146 of 8000 (base vs new)
Finished game 145 (new vs base): 1-0 {White mates}
Started game 147 of 8000 (new vs base)
Finished game 146 (base vs new): 0-1 {Black mates}
Started game 148 of 8000 (base vs new)
Finished game 147 (new vs base): 1-0 {White mates}
Started game 149 of 8000 (new vs base)
Finished game 149 (new vs base): 1-0 {White mates}
Started game 150 of 8000 (base vs new)
Finished game 148 (base vs new): 1/2-1/2 {Draw by 3-fold repetition}
Started game 151 of 8000 (new vs base)
Finished game 151 (new vs base): 0-1 {Black mates}
Started game 152 of 8000 (base vs new)
Finished game 150 (base vs new): 0-1 {Black mates}
Started game 153 of 8000 (new vs base)
Finished game 153 (new vs base): 1-0 {White mates}
Started game 154 of 8000 (base vs new)
Finished game 152 (base vs new): 0-1 {Black mates}
Started game 155 of 8000 (new vs base)
Finished game 155 (new vs base): 1-0 {White mates}
Started game 156 of 8000 (base vs new)
Finished game 154 (base vs new): 0-1 {Black mates}
--------------------------------------------------
Results of new vs base (8+0.08, NULL, 16MB, UHO_Lichess_4852_v1.epd):
Elo: 556.84 +/- 141.11, nElo: 989.89 +/- 54.87
LOS: 100.00 %, DrawRatio: 3.90 %, PairsRatio: inf
Games: 154, Wins: 145, Losses: 3, Draws: 6, Points: 148.0 (96.10 %)
Ptnml(0-2): [0, 0, 3, 6, 68], WL/DD Ratio: inf
LLR: 2.95 (100.1%) (-2.94, 2.94) [0.00, 10.00]
--------------------------------------------------
SPRT ([0.00, 10.00]) completed - H1 was accepted
Finished match
Total Time: 00:30:43 (hours:minutes:seconds)

